C:/Users/ranje/OneDrive/Desktop/mtrx2assignmnet2/mtrx2assignment2/git/MTRX2700-2024/stm32f303-definitions/Core/Inc/core_cm4.h:1688:22:__NVIC_EnableIRQ	16	static
C:/Users/ranje/OneDrive/Desktop/mtrx2assignmnet2/mtrx2assignment2/git/MTRX2700-2024/stm32f303-definitions/Core/Inc/core_cm4.h:1816:22:__NVIC_SetPriority	16	static
../Src/digital_io.c:8:6:EXTI0_IRQHandler	8	static
../Src/digital_io.c:15:6:digital_io_init	8	static
../Src/digital_io.c:42:6:set_led	16	static
../Src/digital_io.c:46:6:clear_led	16	static
../Src/digital_io.c:50:6:toggle_led	16	static
../Src/digital_io.c:54:6:set_button_handler	16	static
../Src/digital_io.c:58:6:chase_led	8	static
