C:/Users/benri/OneDrive/Documents/MTRX2700/MTRX2700_Assignment2/stm32f303-definitions/Core/Inc/core_cm4.h:1688:22:__NVIC_EnableIRQ	16	static
C:/Users/benri/OneDrive/Documents/MTRX2700/MTRX2700_Assignment2/stm32f303-definitions/Core/Inc/core_cm4.h:1816:22:__NVIC_SetPriority	16	static
../Src/main.c:75:6:TIM2_IRQHandler	8	static
../Src/main.c:90:6:initialise_board	16	static
../Src/main.c:98:6:enable_clocks	4	static
../Src/main.c:108:6:TIM2_interrupt_init	16	static,ignoring_inline_asm
../Src/main.c:132:6:chase_led	16	static
../Src/main.c:142:5:main	16	static
