C:/Users/benri/OneDrive/Documents/MTRX2700/MTRX2700_Assignment2/stm32f303-definitions/Core/Inc/core_cm4.h:1688:22:__NVIC_EnableIRQ	16	static
C:/Users/benri/OneDrive/Documents/MTRX2700/MTRX2700_Assignment2/stm32f303-definitions/Core/Inc/core_cm4.h:1816:22:__NVIC_SetPriority	16	static
../Src/timer.c:31:6:TimerInitialise	16	static
../Src/timer.c:56:6:TIM2_IRQHandler	8	static
../Src/timer.c:70:6:enable_timer_interrupt	8	static,ignoring_inline_asm
../Src/timer.c:89:10:getPrescaleValue	16	static
../Src/timer.c:97:6:setPrescaleValue	16	static
../Src/timer.c:111:10:getARRValue	16	static
../Src/timer.c:119:6:setARRValue	16	static
../Src/timer.c:131:6:setPeriod	16	static
