11:35:44 **** Build of configuration Debug for project task_3_1 ****
make -j20 all 
arm-none-eabi-gcc -mcpu=cortex-m4 -g3 -DDEBUG -c -x assembler-with-cpp -MMD -MP -MF"Startup/startup_stm32f303vctx.d" -MT"Startup/startup_stm32f303vctx.o" --specs=nano.specs -mfpu=fpv4-sp-d16 -mfloat-abi=hard -mthumb -o "Startup/startup_stm32f303vctx.o" "../Startup/startup_stm32f303vctx.s"
arm-none-eabi-gcc "../Src/main.c" -mcpu=cortex-m4 -std=gnu11 -g3 -DDEBUG -DSTM32F303VCTx -DSTM32 -DSTM32F3 -DSTM32F3DISCOVERY -c -I../Inc -I"C:/Users/benri/OneDrive/Documents/MTRX2700/MTRX2700_Assignment2/stm32f303-definitions/Core/Inc" -O0 -ffunction-sections -fdata-sections -Wall -fstack-usage -fcyclomatic-complexity -MMD -MP -MF"Src/main.d" -MT"Src/main.o" --specs=nano.specs -mfpu=fpv4-sp-d16 -mfloat-abi=hard -mthumb -o "Src/main.o"
arm-none-eabi-gcc "../Src/syscalls.c" -mcpu=cortex-m4 -std=gnu11 -g3 -DDEBUG -DSTM32F303VCTx -DSTM32 -DSTM32F3 -DSTM32F3DISCOVERY -c -I../Inc -I"C:/Users/benri/OneDrive/Documents/MTRX2700/MTRX2700_Assignment2/stm32f303-definitions/Core/Inc" -O0 -ffunction-sections -fdata-sections -Wall -fstack-usage -fcyclomatic-complexity -MMD -MP -MF"Src/syscalls.d" -MT"Src/syscalls.o" --specs=nano.specs -mfpu=fpv4-sp-d16 -mfloat-abi=hard -mthumb -o "Src/syscalls.o"
arm-none-eabi-gcc "../Src/sysmem.c" -mcpu=cortex-m4 -std=gnu11 -g3 -DDEBUG -DSTM32F303VCTx -DSTM32 -DSTM32F3 -DSTM32F3DISCOVERY -c -I../Inc -I"C:/Users/benri/OneDrive/Documents/MTRX2700/MTRX2700_Assignment2/stm32f303-definitions/Core/Inc" -O0 -ffunction-sections -fdata-sections -Wall -fstack-usage -fcyclomatic-complexity -MMD -MP -MF"Src/sysmem.d" -MT"Src/sysmem.o" --specs=nano.specs -mfpu=fpv4-sp-d16 -mfloat-abi=hard -mthumb -o "Src/sysmem.o"
../Src/main.c:68:4: warning: #warning "FPU is not initialized, but the project is compiling for an FPU. Please initialize the FPU before use." [-Wcpp]
   68 |   #warning "FPU is not initialized, but the project is compiling for an FPU. Please initialize the FPU before use."
      |    ^~~~~~~
arm-none-eabi-gcc -o "task_3_1.elf" @"objects.list"   -mcpu=cortex-m4 -T"C:\Users\benri\OneDrive\Documents\MTRX2700\MTRX2700_Assignment2\task_3_1\STM32F303VCTX_FLASH.ld" --specs=nosys.specs -Wl,-Map="task_3_1.map" -Wl,--gc-sections -static --specs=nano.specs -mfpu=fpv4-sp-d16 -mfloat-abi=hard -mthumb -Wl,--start-group -lc -lm -Wl,--end-group
Finished building target: task_3_1.elf
 
arm-none-eabi-size  task_3_1.elf 
arm-none-eabi-objdump -h -S task_3_1.elf  > "task_3_1.list"
   text	   data	    bss	    dec	    hex	filename
   1088	      8	   1568	   2664	    a68	task_3_1.elf
Finished building: default.size.stdout
 
Finished building: task_3_1.list
 
11:35:54 **** Incremental Build of configuration Debug for project task_3_1 ****
make -j20 all 
arm-none-eabi-size  task_3_1.elf 
   text	   data	    bss	    dec	    hex	filename
   1088	      8	   1568	   2664	    a68	task_3_1.elf
Finished building: default.size.stdout
 
11:37:05 **** Incremental Build of configuration Debug for project task_3_1 ****
make -j20 all 
arm-none-eabi-gcc "../Src/main.c" -mcpu=cortex-m4 -std=gnu11 -g3 -DDEBUG -DSTM32F303VCTx -DSTM32 -DSTM32F3 -DSTM32F3DISCOVERY -c -I../Inc -I"C:/Users/benri/OneDrive/Documents/MTRX2700/MTRX2700_Assignment2/stm32f303-definitions/Core/Inc" -O0 -ffunction-sections -fdata-sections -Wall -fstack-usage -fcyclomatic-complexity -MMD -MP -MF"Src/main.d" -MT"Src/main.o" --specs=nano.specs -mfpu=fpv4-sp-d16 -mfloat-abi=hard -mthumb -o "Src/main.o"
../Src/main.c:68:4: warning: #warning "FPU is not initialized, but the project is compiling for an FPU. Please initialize the FPU before use." [-Wcpp]
   68 |   #warning "FPU is not initialized, but the project is compiling for an FPU. Please initialize the FPU before use."
      |    ^~~~~~~
arm-none-eabi-gcc -o "task_3_1.elf" @"objects.list"   -mcpu=cortex-m4 -T"C:\Users\benri\OneDrive\Documents\MTRX2700\MTRX2700_Assignment2\task_3_1\STM32F303VCTX_FLASH.ld" --specs=nosys.specs -Wl,-Map="task_3_1.map" -Wl,--gc-sections -static --specs=nano.specs -mfpu=fpv4-sp-d16 -mfloat-abi=hard -mthumb -Wl,--start-group -lc -lm -Wl,--end-group
Finished building target: task_3_1.elf
 
arm-none-eabi-size  task_3_1.elf 
arm-none-eabi-objdump -h -S task_3_1.elf  > "task_3_1.list"
   text	   data	    bss	    dec	    hex	filename
   1088	      8	   1568	   2664	    a68	task_3_1.elf
Finished building: default.size.stdout
 
Finished building: task_3_1.list
 
11:38:22 **** Incremental Build of configuration Debug for project task_3_1 ****
make -j20 all 
arm-none-eabi-gcc "../Src/main.c" -mcpu=cortex-m4 -std=gnu11 -g3 -DDEBUG -DSTM32F303VCTx -DSTM32 -DSTM32F3 -DSTM32F3DISCOVERY -c -I../Inc -I"C:/Users/benri/OneDrive/Documents/MTRX2700/MTRX2700_Assignment2/stm32f303-definitions/Core/Inc" -O0 -ffunction-sections -fdata-sections -Wall -fstack-usage -fcyclomatic-complexity -MMD -MP -MF"Src/main.d" -MT"Src/main.o" --specs=nano.specs -mfpu=fpv4-sp-d16 -mfloat-abi=hard -mthumb -o "Src/main.o"
../Src/main.c:68:4: warning: #warning "FPU is not initialized, but the project is compiling for an FPU. Please initialize the FPU before use." [-Wcpp]
   68 |   #warning "FPU is not initialized, but the project is compiling for an FPU. Please initialize the FPU before use."
      |    ^~~~~~~
../Src/main.c: In function 'TIM2_IRQHandler':
../Src/main.c:83:9: warning: implicit declaration of function 'end' [-Wimplicit-function-declaration]
   83 |         end();
      |         ^~~
arm-none-eabi-gcc -o "task_3_1.elf" @"objects.list"   -mcpu=cortex-m4 -T"C:\Users\benri\OneDrive\Documents\MTRX2700\MTRX2700_Assignment2\task_3_1\STM32F303VCTX_FLASH.ld" --specs=nosys.specs -Wl,-Map="task_3_1.map" -Wl,--gc-sections -static --specs=nano.specs -mfpu=fpv4-sp-d16 -mfloat-abi=hard -mthumb -Wl,--start-group -lc -lm -Wl,--end-group
Finished building target: task_3_1.elf
 
arm-none-eabi-size  task_3_1.elf 
arm-none-eabi-objdump -h -S task_3_1.elf  > "task_3_1.list"
   text	   data	    bss	    dec	    hex	filename
   1100	      8	   1568	   2676	    a74	task_3_1.elf
Finished building: default.size.stdout
 
Finished building: task_3_1.list
 
11:39:17 **** Incremental Build of configuration Debug for project task_3_1 ****
make -j20 all 
arm-none-eabi-gcc "../Src/main.c" -mcpu=cortex-m4 -std=gnu11 -g3 -DDEBUG -DSTM32F303VCTx -DSTM32 -DSTM32F3 -DSTM32F3DISCOVERY -c -I../Inc -I"C:/Users/benri/OneDrive/Documents/MTRX2700/MTRX2700_Assignment2/stm32f303-definitions/Core/Inc" -O0 -ffunction-sections -fdata-sections -Wall -fstack-usage -fcyclomatic-complexity -MMD -MP -MF"Src/main.d" -MT"Src/main.o" --specs=nano.specs -mfpu=fpv4-sp-d16 -mfloat-abi=hard -mthumb -o "Src/main.o"
../Src/main.c:68:4: warning: #warning "FPU is not initialized, but the project is compiling for an FPU. Please initialize the FPU before use." [-Wcpp]
   68 |   #warning "FPU is not initialized, but the project is compiling for an FPU. Please initialize the FPU before use."
      |    ^~~~~~~
../Src/main.c: In function 'TIM2_IRQHandler':
../Src/main.c:83:9: error: break statement not within loop or switch
   83 |         break;
      |         ^~~~~
make: *** [Src/subdir.mk:25: Src/main.o] Error 1
"make -j20 all" terminated with exit code 2. Build might be incomplete.
11:40:09 **** Incremental Build of configuration Debug for project task_3_1 ****
make -j20 all 
arm-none-eabi-gcc "../Src/main.c" -mcpu=cortex-m4 -std=gnu11 -g3 -DDEBUG -DSTM32F303VCTx -DSTM32 -DSTM32F3 -DSTM32F3DISCOVERY -c -I../Inc -I"C:/Users/benri/OneDrive/Documents/MTRX2700/MTRX2700_Assignment2/stm32f303-definitions/Core/Inc" -O0 -ffunction-sections -fdata-sections -Wall -fstack-usage -fcyclomatic-complexity -MMD -MP -MF"Src/main.d" -MT"Src/main.o" --specs=nano.specs -mfpu=fpv4-sp-d16 -mfloat-abi=hard -mthumb -o "Src/main.o"
../Src/main.c:68:4: warning: #warning "FPU is not initialized, but the project is compiling for an FPU. Please initialize the FPU before use." [-Wcpp]
   68 |   #warning "FPU is not initialized, but the project is compiling for an FPU. Please initialize the FPU before use."
      |    ^~~~~~~
arm-none-eabi-gcc -o "task_3_1.elf" @"objects.list"   -mcpu=cortex-m4 -T"C:\Users\benri\OneDrive\Documents\MTRX2700\MTRX2700_Assignment2\task_3_1\STM32F303VCTX_FLASH.ld" --specs=nosys.specs -Wl,-Map="task_3_1.map" -Wl,--gc-sections -static --specs=nano.specs -mfpu=fpv4-sp-d16 -mfloat-abi=hard -mthumb -Wl,--start-group -lc -lm -Wl,--end-group
Finished building target: task_3_1.elf
 
arm-none-eabi-size  task_3_1.elf 
arm-none-eabi-objdump -h -S task_3_1.elf  > "task_3_1.list"
   text	   data	    bss	    dec	    hex	filename
   1084	      8	   1568	   2660	    a64	task_3_1.elf
Finished building: default.size.stdout
 
Finished building: task_3_1.list
 
11:40:35 **** Incremental Build of configuration Debug for project task_3_1 ****
make -j20 all 
arm-none-eabi-size  task_3_1.elf 
   text	   data	    bss	    dec	    hex	filename
   1084	      8	   1568	   2660	    a64	task_3_1.elf
Finished building: default.size.stdout
 
11:41:16 **** Incremental Build of configuration Debug for project task_3_1 ****
make -j20 all 
arm-none-eabi-size  task_3_1.elf 
   text	   data	    bss	    dec	    hex	filename
   1084	      8	   1568	   2660	    a64	task_3_1.elf
Finished building: default.size.stdout
 
11:42:32 **** Incremental Build of configuration Debug for project task_3_1 ****
make -j20 all 
arm-none-eabi-gcc "../Src/main.c" -mcpu=cortex-m4 -std=gnu11 -g3 -DDEBUG -DSTM32F303VCTx -DSTM32 -DSTM32F3 -DSTM32F3DISCOVERY -c -I../Inc -I"C:/Users/benri/OneDrive/Documents/MTRX2700/MTRX2700_Assignment2/stm32f303-definitions/Core/Inc" -O0 -ffunction-sections -fdata-sections -Wall -fstack-usage -fcyclomatic-complexity -MMD -MP -MF"Src/main.d" -MT"Src/main.o" --specs=nano.specs -mfpu=fpv4-sp-d16 -mfloat-abi=hard -mthumb -o "Src/main.o"
../Src/main.c:68:4: warning: #warning "FPU is not initialized, but the project is compiling for an FPU. Please initialize the FPU before use." [-Wcpp]
   68 |   #warning "FPU is not initialized, but the project is compiling for an FPU. Please initialize the FPU before use."
      |    ^~~~~~~
arm-none-eabi-gcc -o "task_3_1.elf" @"objects.list"   -mcpu=cortex-m4 -T"C:\Users\benri\OneDrive\Documents\MTRX2700\MTRX2700_Assignment2\task_3_1\STM32F303VCTX_FLASH.ld" --specs=nosys.specs -Wl,-Map="task_3_1.map" -Wl,--gc-sections -static --specs=nano.specs -mfpu=fpv4-sp-d16 -mfloat-abi=hard -mthumb -Wl,--start-group -lc -lm -Wl,--end-group
Finished building target: task_3_1.elf
 
arm-none-eabi-size  task_3_1.elf 
arm-none-eabi-objdump -h -S task_3_1.elf  > "task_3_1.list"
   text	   data	    bss	    dec	    hex	filename
   1084	      8	   1568	   2660	    a64	task_3_1.elf
Finished building: default.size.stdout
 
Finished building: task_3_1.list
 
11:43:54 **** Incremental Build of configuration Debug for project task_3_1 ****
make -j20 all 
arm-none-eabi-gcc "../Src/main.c" -mcpu=cortex-m4 -std=gnu11 -g3 -DDEBUG -DSTM32F303VCTx -DSTM32 -DSTM32F3 -DSTM32F3DISCOVERY -c -I../Inc -I"C:/Users/benri/OneDrive/Documents/MTRX2700/MTRX2700_Assignment2/stm32f303-definitions/Core/Inc" -O0 -ffunction-sections -fdata-sections -Wall -fstack-usage -fcyclomatic-complexity -MMD -MP -MF"Src/main.d" -MT"Src/main.o" --specs=nano.specs -mfpu=fpv4-sp-d16 -mfloat-abi=hard -mthumb -o "Src/main.o"
../Src/main.c:68:4: warning: #warning "FPU is not initialized, but the project is compiling for an FPU. Please initialize the FPU before use." [-Wcpp]
   68 |   #warning "FPU is not initialized, but the project is compiling for an FPU. Please initialize the FPU before use."
      |    ^~~~~~~
arm-none-eabi-gcc -o "task_3_1.elf" @"objects.list"   -mcpu=cortex-m4 -T"C:\Users\benri\OneDrive\Documents\MTRX2700\MTRX2700_Assignment2\task_3_1\STM32F303VCTX_FLASH.ld" --specs=nosys.specs -Wl,-Map="task_3_1.map" -Wl,--gc-sections -static --specs=nano.specs -mfpu=fpv4-sp-d16 -mfloat-abi=hard -mthumb -Wl,--start-group -lc -lm -Wl,--end-group
Finished building target: task_3_1.elf
 
arm-none-eabi-size  task_3_1.elf 
arm-none-eabi-objdump -h -S task_3_1.elf  > "task_3_1.list"
   text	   data	    bss	    dec	    hex	filename
   1084	      8	   1568	   2660	    a64	task_3_1.elf
Finished building: default.size.stdout
 
Finished building: task_3_1.list
 
11:46:21 **** Incremental Build of configuration Debug for project task_3_1 ****
make -j20 all 
arm-none-eabi-gcc "../Src/main.c" -mcpu=cortex-m4 -std=gnu11 -g3 -DDEBUG -DSTM32F303VCTx -DSTM32 -DSTM32F3 -DSTM32F3DISCOVERY -c -I../Inc -I"C:/Users/benri/OneDrive/Documents/MTRX2700/MTRX2700_Assignment2/stm32f303-definitions/Core/Inc" -O0 -ffunction-sections -fdata-sections -Wall -fstack-usage -fcyclomatic-complexity -MMD -MP -MF"Src/main.d" -MT"Src/main.o" --specs=nano.specs -mfpu=fpv4-sp-d16 -mfloat-abi=hard -mthumb -o "Src/main.o"
../Src/main.c:68:4: warning: #warning "FPU is not initialized, but the project is compiling for an FPU. Please initialize the FPU before use." [-Wcpp]
   68 |   #warning "FPU is not initialized, but the project is compiling for an FPU. Please initialize the FPU before use."
      |    ^~~~~~~
arm-none-eabi-gcc -o "task_3_1.elf" @"objects.list"   -mcpu=cortex-m4 -T"C:\Users\benri\OneDrive\Documents\MTRX2700\MTRX2700_Assignment2\task_3_1\STM32F303VCTX_FLASH.ld" --specs=nosys.specs -Wl,-Map="task_3_1.map" -Wl,--gc-sections -static --specs=nano.specs -mfpu=fpv4-sp-d16 -mfloat-abi=hard -mthumb -Wl,--start-group -lc -lm -Wl,--end-group
Finished building target: task_3_1.elf
 
arm-none-eabi-size  task_3_1.elf 
arm-none-eabi-objdump -h -S task_3_1.elf  > "task_3_1.list"
   text	   data	    bss	    dec	    hex	filename
   1100	      8	   1568	   2676	    a74	task_3_1.elf
Finished building: default.size.stdout
 
Finished building: task_3_1.list
 
11:46:57 **** Incremental Build of configuration Debug for project task_3_1 ****
make -j20 all 
arm-none-eabi-gcc "../Src/main.c" -mcpu=cortex-m4 -std=gnu11 -g3 -DDEBUG -DSTM32F303VCTx -DSTM32 -DSTM32F3 -DSTM32F3DISCOVERY -c -I../Inc -I"C:/Users/benri/OneDrive/Documents/MTRX2700/MTRX2700_Assignment2/stm32f303-definitions/Core/Inc" -O0 -ffunction-sections -fdata-sections -Wall -fstack-usage -fcyclomatic-complexity -MMD -MP -MF"Src/main.d" -MT"Src/main.o" --specs=nano.specs -mfpu=fpv4-sp-d16 -mfloat-abi=hard -mthumb -o "Src/main.o"
../Src/main.c:68:4: warning: #warning "FPU is not initialized, but the project is compiling for an FPU. Please initialize the FPU before use." [-Wcpp]
   68 |   #warning "FPU is not initialized, but the project is compiling for an FPU. Please initialize the FPU before use."
      |    ^~~~~~~
arm-none-eabi-gcc -o "task_3_1.elf" @"objects.list"   -mcpu=cortex-m4 -T"C:\Users\benri\OneDrive\Documents\MTRX2700\MTRX2700_Assignment2\task_3_1\STM32F303VCTX_FLASH.ld" --specs=nosys.specs -Wl,-Map="task_3_1.map" -Wl,--gc-sections -static --specs=nano.specs -mfpu=fpv4-sp-d16 -mfloat-abi=hard -mthumb -Wl,--start-group -lc -lm -Wl,--end-group
Finished building target: task_3_1.elf
 
arm-none-eabi-size  task_3_1.elf 
arm-none-eabi-objdump -h -S task_3_1.elf  > "task_3_1.list"
   text	   data	    bss	    dec	    hex	filename
   1104	      8	   1568	   2680	    a78	task_3_1.elf
Finished building: default.size.stdout
 
Finished building: task_3_1.list
 
11:54:06 **** Incremental Build of configuration Debug for project task_3_1 ****
make -j20 all 
arm-none-eabi-gcc "../Src/main.c" -mcpu=cortex-m4 -std=gnu11 -g3 -DDEBUG -DSTM32F303VCTx -DSTM32 -DSTM32F3 -DSTM32F3DISCOVERY -c -I../Inc -I"C:/Users/benri/OneDrive/Documents/MTRX2700/MTRX2700_Assignment2/stm32f303-definitions/Core/Inc" -O0 -ffunction-sections -fdata-sections -Wall -fstack-usage -fcyclomatic-complexity -MMD -MP -MF"Src/main.d" -MT"Src/main.o" --specs=nano.specs -mfpu=fpv4-sp-d16 -mfloat-abi=hard -mthumb -o "Src/main.o"
../Src/main.c:68:4: warning: #warning "FPU is not initialized, but the project is compiling for an FPU. Please initialize the FPU before use." [-Wcpp]
   68 |   #warning "FPU is not initialized, but the project is compiling for an FPU. Please initialize the FPU before use."
      |    ^~~~~~~
arm-none-eabi-gcc -o "task_3_1.elf" @"objects.list"   -mcpu=cortex-m4 -T"C:\Users\benri\OneDrive\Documents\MTRX2700\MTRX2700_Assignment2\task_3_1\STM32F303VCTX_FLASH.ld" --specs=nosys.specs -Wl,-Map="task_3_1.map" -Wl,--gc-sections -static --specs=nano.specs -mfpu=fpv4-sp-d16 -mfloat-abi=hard -mthumb -Wl,--start-group -lc -lm -Wl,--end-group
Finished building target: task_3_1.elf
 
arm-none-eabi-size  task_3_1.elf 
arm-none-eabi-objdump -h -S task_3_1.elf  > "task_3_1.list"
   text	   data	    bss	    dec	    hex	filename
   1132	      8	   1568	   2708	    a94	task_3_1.elf
Finished building: default.size.stdout
 
Finished building: task_3_1.list
 
14:39:00 **** Incremental Build of configuration Debug for project task_3_1 ****
make -j20 all 
arm-none-eabi-gcc "../Src/main.c" -mcpu=cortex-m4 -std=gnu11 -g3 -DDEBUG -DSTM32F303VCTx -DSTM32 -DSTM32F3 -DSTM32F3DISCOVERY -c -I../Inc -I"C:/Users/benri/OneDrive/Documents/MTRX2700/MTRX2700_Assignment2/stm32f303-definitions/Core/Inc" -O0 -ffunction-sections -fdata-sections -Wall -fstack-usage -fcyclomatic-complexity -MMD -MP -MF"Src/main.d" -MT"Src/main.o" --specs=nano.specs -mfpu=fpv4-sp-d16 -mfloat-abi=hard -mthumb -o "Src/main.o"
arm-none-eabi-gcc "../Src/syscalls.c" -mcpu=cortex-m4 -std=gnu11 -g3 -DDEBUG -DSTM32F303VCTx -DSTM32 -DSTM32F3 -DSTM32F3DISCOVERY -c -I../Inc -I"C:/Users/benri/OneDrive/Documents/MTRX2700/MTRX2700_Assignment2/stm32f303-definitions/Core/Inc" -O0 -ffunction-sections -fdata-sections -Wall -fstack-usage -fcyclomatic-complexity -MMD -MP -MF"Src/syscalls.d" -MT"Src/syscalls.o" --specs=nano.specs -mfpu=fpv4-sp-d16 -mfloat-abi=hard -mthumb -o "Src/syscalls.o"
arm-none-eabi-gcc "../Src/sysmem.c" -mcpu=cortex-m4 -std=gnu11 -g3 -DDEBUG -DSTM32F303VCTx -DSTM32 -DSTM32F3 -DSTM32F3DISCOVERY -c -I../Inc -I"C:/Users/benri/OneDrive/Documents/MTRX2700/MTRX2700_Assignment2/stm32f303-definitions/Core/Inc" -O0 -ffunction-sections -fdata-sections -Wall -fstack-usage -fcyclomatic-complexity -MMD -MP -MF"Src/sysmem.d" -MT"Src/sysmem.o" --specs=nano.specs -mfpu=fpv4-sp-d16 -mfloat-abi=hard -mthumb -o "Src/sysmem.o"
arm-none-eabi-gcc "../Src/timer.c" -mcpu=cortex-m4 -std=gnu11 -g3 -DDEBUG -DSTM32F303VCTx -DSTM32 -DSTM32F3 -DSTM32F3DISCOVERY -c -I../Inc -I"C:/Users/benri/OneDrive/Documents/MTRX2700/MTRX2700_Assignment2/stm32f303-definitions/Core/Inc" -O0 -ffunction-sections -fdata-sections -Wall -fstack-usage -fcyclomatic-complexity -MMD -MP -MF"Src/timer.d" -MT"Src/timer.o" --specs=nano.specs -mfpu=fpv4-sp-d16 -mfloat-abi=hard -mthumb -o "Src/timer.o"
../Src/main.c:70:4: warning: #warning "FPU is not initialized, but the project is compiling for an FPU. Please initialize the FPU before use." [-Wcpp]
   70 |   #warning "FPU is not initialized, but the project is compiling for an FPU. Please initialize the FPU before use."
      |    ^~~~~~~
../Src/timer.c: In function 'TIM2_IRQHandler':
../Src/timer.c:19:13: error: 'on_timer_overflow' undeclared (first use in this function)
   19 |         if (on_timer_overflow != 0x00) { // make sure the handler is not null
      |             ^~~~~~~~~~~~~~~~~
../Src/timer.c:19:13: note: each undeclared identifier is reported only once for each function it appears in
../Src/timer.c:20:13: warning: implicit declaration of function 'on_timer_overflow' [-Wimplicit-function-declaration]
   20 |             on_timer_overflow();
      |             ^~~~~~~~~~~~~~~~~
make: *** [Src/subdir.mk:28: Src/timer.o] Error 1
make: *** Waiting for unfinished jobs....
"make -j20 all" terminated with exit code 2. Build might be incomplete.
14:40:44 **** Incremental Build of configuration Debug for project task_3_1 ****
make -j20 all 
arm-none-eabi-gcc "../Src/main.c" -mcpu=cortex-m4 -std=gnu11 -g3 -DDEBUG -DSTM32F303VCTx -DSTM32 -DSTM32F3 -DSTM32F3DISCOVERY -c -I../Inc -I"C:/Users/benri/OneDrive/Documents/MTRX2700/MTRX2700_Assignment2/stm32f303-definitions/Core/Inc" -O0 -ffunction-sections -fdata-sections -Wall -fstack-usage -fcyclomatic-complexity -MMD -MP -MF"Src/main.d" -MT"Src/main.o" --specs=nano.specs -mfpu=fpv4-sp-d16 -mfloat-abi=hard -mthumb -o "Src/main.o"
arm-none-eabi-gcc "../Src/timer.c" -mcpu=cortex-m4 -std=gnu11 -g3 -DDEBUG -DSTM32F303VCTx -DSTM32 -DSTM32F3 -DSTM32F3DISCOVERY -c -I../Inc -I"C:/Users/benri/OneDrive/Documents/MTRX2700/MTRX2700_Assignment2/stm32f303-definitions/Core/Inc" -O0 -ffunction-sections -fdata-sections -Wall -fstack-usage -fcyclomatic-complexity -MMD -MP -MF"Src/timer.d" -MT"Src/timer.o" --specs=nano.specs -mfpu=fpv4-sp-d16 -mfloat-abi=hard -mthumb -o "Src/timer.o"
../Src/main.c:70:4: warning: #warning "FPU is not initialized, but the project is compiling for an FPU. Please initialize the FPU before use." [-Wcpp]
   70 |   #warning "FPU is not initialized, but the project is compiling for an FPU. Please initialize the FPU before use."
      |    ^~~~~~~
arm-none-eabi-gcc -o "task_3_1.elf" @"objects.list"   -mcpu=cortex-m4 -T"C:\Users\benri\OneDrive\Documents\MTRX2700\MTRX2700_Assignment2\task_3_1\STM32F303VCTX_FLASH.ld" --specs=nosys.specs -Wl,-Map="task_3_1.map" -Wl,--gc-sections -static --specs=nano.specs -mfpu=fpv4-sp-d16 -mfloat-abi=hard -mthumb -Wl,--start-group -lc -lm -Wl,--end-group
Finished building target: task_3_1.elf
 
arm-none-eabi-size  task_3_1.elf 
arm-none-eabi-objdump -h -S task_3_1.elf  > "task_3_1.list"
   text	   data	    bss	    dec	    hex	filename
   1132	      8	   1568	   2708	    a94	task_3_1.elf
Finished building: default.size.stdout
 
Finished building: task_3_1.list
 
14:40:51 **** Incremental Build of configuration Debug for project task_3_1 ****
make -j20 all 
arm-none-eabi-size  task_3_1.elf 
   text	   data	    bss	    dec	    hex	filename
   1132	      8	   1568	   2708	    a94	task_3_1.elf
Finished building: default.size.stdout
 
14:45:05 **** Incremental Build of configuration Debug for project task_3_1 ****
make -j20 all 
arm-none-eabi-gcc "../Src/initialise.c" -mcpu=cortex-m4 -std=gnu11 -g3 -DDEBUG -DSTM32F303VCTx -DSTM32 -DSTM32F3 -DSTM32F3DISCOVERY -c -I../Inc -I"C:/Users/benri/OneDrive/Documents/MTRX2700/MTRX2700_Assignment2/stm32f303-definitions/Core/Inc" -O0 -ffunction-sections -fdata-sections -Wall -fstack-usage -fcyclomatic-complexity -MMD -MP -MF"Src/initialise.d" -MT"Src/initialise.o" --specs=nano.specs -mfpu=fpv4-sp-d16 -mfloat-abi=hard -mthumb -o "Src/initialise.o"
arm-none-eabi-gcc "../Src/main.c" -mcpu=cortex-m4 -std=gnu11 -g3 -DDEBUG -DSTM32F303VCTx -DSTM32 -DSTM32F3 -DSTM32F3DISCOVERY -c -I../Inc -I"C:/Users/benri/OneDrive/Documents/MTRX2700/MTRX2700_Assignment2/stm32f303-definitions/Core/Inc" -O0 -ffunction-sections -fdata-sections -Wall -fstack-usage -fcyclomatic-complexity -MMD -MP -MF"Src/main.d" -MT"Src/main.o" --specs=nano.specs -mfpu=fpv4-sp-d16 -mfloat-abi=hard -mthumb -o "Src/main.o"
arm-none-eabi-gcc "../Src/syscalls.c" -mcpu=cortex-m4 -std=gnu11 -g3 -DDEBUG -DSTM32F303VCTx -DSTM32 -DSTM32F3 -DSTM32F3DISCOVERY -c -I../Inc -I"C:/Users/benri/OneDrive/Documents/MTRX2700/MTRX2700_Assignment2/stm32f303-definitions/Core/Inc" -O0 -ffunction-sections -fdata-sections -Wall -fstack-usage -fcyclomatic-complexity -MMD -MP -MF"Src/syscalls.d" -MT"Src/syscalls.o" --specs=nano.specs -mfpu=fpv4-sp-d16 -mfloat-abi=hard -mthumb -o "Src/syscalls.o"
arm-none-eabi-gcc "../Src/sysmem.c" -mcpu=cortex-m4 -std=gnu11 -g3 -DDEBUG -DSTM32F303VCTx -DSTM32 -DSTM32F3 -DSTM32F3DISCOVERY -c -I../Inc -I"C:/Users/benri/OneDrive/Documents/MTRX2700/MTRX2700_Assignment2/stm32f303-definitions/Core/Inc" -O0 -ffunction-sections -fdata-sections -Wall -fstack-usage -fcyclomatic-complexity -MMD -MP -MF"Src/sysmem.d" -MT"Src/sysmem.o" --specs=nano.specs -mfpu=fpv4-sp-d16 -mfloat-abi=hard -mthumb -o "Src/sysmem.o"
arm-none-eabi-gcc "../Src/timer.c" -mcpu=cortex-m4 -std=gnu11 -g3 -DDEBUG -DSTM32F303VCTx -DSTM32 -DSTM32F3 -DSTM32F3DISCOVERY -c -I../Inc -I"C:/Users/benri/OneDrive/Documents/MTRX2700/MTRX2700_Assignment2/stm32f303-definitions/Core/Inc" -O0 -ffunction-sections -fdata-sections -Wall -fstack-usage -fcyclomatic-complexity -MMD -MP -MF"Src/timer.d" -MT"Src/timer.o" --specs=nano.specs -mfpu=fpv4-sp-d16 -mfloat-abi=hard -mthumb -o "Src/timer.o"
../Src/main.c:70:4: warning: #warning "FPU is not initialized, but the project is compiling for an FPU. Please initialize the FPU before use." [-Wcpp]
   70 |   #warning "FPU is not initialized, but the project is compiling for an FPU. Please initialize the FPU before use."
      |    ^~~~~~~
../Src/main.c: In function 'main':
../Src/main.c:104:9: warning: implicit declaration of function 'initialise_board' [-Wimplicit-function-declaration]
  104 |         initialise_board();
      |         ^~~~~~~~~~~~~~~~
arm-none-eabi-gcc -o "task_3_1.elf" @"objects.list"   -mcpu=cortex-m4 -T"C:\Users\benri\OneDrive\Documents\MTRX2700\MTRX2700_Assignment2\task_3_1\STM32F303VCTX_FLASH.ld" --specs=nosys.specs -Wl,-Map="task_3_1.map" -Wl,--gc-sections -static --specs=nano.specs -mfpu=fpv4-sp-d16 -mfloat-abi=hard -mthumb -Wl,--start-group -lc -lm -Wl,--end-group
Finished building target: task_3_1.elf
 
arm-none-eabi-size  task_3_1.elf 
arm-none-eabi-objdump -h -S task_3_1.elf  > "task_3_1.list"
   text	   data	    bss	    dec	    hex	filename
   1132	      8	   1568	   2708	    a94	task_3_1.elf
Finished building: default.size.stdout
 
Finished building: task_3_1.list
 
14:47:40 **** Incremental Build of configuration Debug for project task_3_1 ****
make -j20 all 
arm-none-eabi-gcc "../Src/main.c" -mcpu=cortex-m4 -std=gnu11 -g3 -DDEBUG -DSTM32F303VCTx -DSTM32 -DSTM32F3 -DSTM32F3DISCOVERY -c -I../Inc -I"C:/Users/benri/OneDrive/Documents/MTRX2700/MTRX2700_Assignment2/stm32f303-definitions/Core/Inc" -O0 -ffunction-sections -fdata-sections -Wall -fstack-usage -fcyclomatic-complexity -MMD -MP -MF"Src/main.d" -MT"Src/main.o" --specs=nano.specs -mfpu=fpv4-sp-d16 -mfloat-abi=hard -mthumb -o "Src/main.o"
../Src/main.c:53:4: warning: #warning "FPU is not initialized, but the project is compiling for an FPU. Please initialize the FPU before use." [-Wcpp]
   53 |   #warning "FPU is not initialized, but the project is compiling for an FPU. Please initialize the FPU before use."
      |    ^~~~~~~
arm-none-eabi-gcc -o "task_3_1.elf" @"objects.list"   -mcpu=cortex-m4 -T"C:\Users\benri\OneDrive\Documents\MTRX2700\MTRX2700_Assignment2\task_3_1\STM32F303VCTX_FLASH.ld" --specs=nosys.specs -Wl,-Map="task_3_1.map" -Wl,--gc-sections -static --specs=nano.specs -mfpu=fpv4-sp-d16 -mfloat-abi=hard -mthumb -Wl,--start-group -lc -lm -Wl,--end-group
Finished building target: task_3_1.elf
 
arm-none-eabi-size  task_3_1.elf 
arm-none-eabi-objdump -h -S task_3_1.elf  > "task_3_1.list"
   text	   data	    bss	    dec	    hex	filename
   1132	      8	   1568	   2708	    a94	task_3_1.elf
Finished building: default.size.stdout
 
Finished building: task_3_1.list
 
20:05:02 **** Build of configuration Debug for project task_3_2 ****
make -j20 all 
arm-none-eabi-gcc -mcpu=cortex-m4 -g3 -DDEBUG -c -x assembler-with-cpp -MMD -MP -MF"Startup/startup_stm32f303vctx.d" -MT"Startup/startup_stm32f303vctx.o" --specs=nano.specs -mfpu=fpv4-sp-d16 -mfloat-abi=hard -mthumb -o "Startup/startup_stm32f303vctx.o" "../Startup/startup_stm32f303vctx.s"
arm-none-eabi-gcc "../Src/initialise.c" -mcpu=cortex-m4 -std=gnu11 -g3 -DDEBUG -DSTM32F303VCTx -DSTM32 -DSTM32F3 -DSTM32F3DISCOVERY -c -I../Inc -I"C:/Users/benri/OneDrive/Documents/MTRX2700/MTRX2700_Assignment2/stm32f303-definitions" -O0 -ffunction-sections -fdata-sections -Wall -fstack-usage -fcyclomatic-complexity -MMD -MP -MF"Src/initialise.d" -MT"Src/initialise.o" --specs=nano.specs -mfpu=fpv4-sp-d16 -mfloat-abi=hard -mthumb -o "Src/initialise.o"
arm-none-eabi-gcc "../Src/main.c" -mcpu=cortex-m4 -std=gnu11 -g3 -DDEBUG -DSTM32F303VCTx -DSTM32 -DSTM32F3 -DSTM32F3DISCOVERY -c -I../Inc -I"C:/Users/benri/OneDrive/Documents/MTRX2700/MTRX2700_Assignment2/stm32f303-definitions" -O0 -ffunction-sections -fdata-sections -Wall -fstack-usage -fcyclomatic-complexity -MMD -MP -MF"Src/main.d" -MT"Src/main.o" --specs=nano.specs -mfpu=fpv4-sp-d16 -mfloat-abi=hard -mthumb -o "Src/main.o"
arm-none-eabi-gcc "../Src/syscalls.c" -mcpu=cortex-m4 -std=gnu11 -g3 -DDEBUG -DSTM32F303VCTx -DSTM32 -DSTM32F3 -DSTM32F3DISCOVERY -c -I../Inc -I"C:/Users/benri/OneDrive/Documents/MTRX2700/MTRX2700_Assignment2/stm32f303-definitions" -O0 -ffunction-sections -fdata-sections -Wall -fstack-usage -fcyclomatic-complexity -MMD -MP -MF"Src/syscalls.d" -MT"Src/syscalls.o" --specs=nano.specs -mfpu=fpv4-sp-d16 -mfloat-abi=hard -mthumb -o "Src/syscalls.o"
arm-none-eabi-gcc "../Src/sysmem.c" -mcpu=cortex-m4 -std=gnu11 -g3 -DDEBUG -DSTM32F303VCTx -DSTM32 -DSTM32F3 -DSTM32F3DISCOVERY -c -I../Inc -I"C:/Users/benri/OneDrive/Documents/MTRX2700/MTRX2700_Assignment2/stm32f303-definitions" -O0 -ffunction-sections -fdata-sections -Wall -fstack-usage -fcyclomatic-complexity -MMD -MP -MF"Src/sysmem.d" -MT"Src/sysmem.o" --specs=nano.specs -mfpu=fpv4-sp-d16 -mfloat-abi=hard -mthumb -o "Src/sysmem.o"
arm-none-eabi-gcc "../Src/timer.c" -mcpu=cortex-m4 -std=gnu11 -g3 -DDEBUG -DSTM32F303VCTx -DSTM32 -DSTM32F3 -DSTM32F3DISCOVERY -c -I../Inc -I"C:/Users/benri/OneDrive/Documents/MTRX2700/MTRX2700_Assignment2/stm32f303-definitions" -O0 -ffunction-sections -fdata-sections -Wall -fstack-usage -fcyclomatic-complexity -MMD -MP -MF"Src/timer.d" -MT"Src/timer.o" --specs=nano.specs -mfpu=fpv4-sp-d16 -mfloat-abi=hard -mthumb -o "Src/timer.o"
../Src/initialise.c:2:10: fatal error: stm32f303xc.h: No such file or directory
    2 | #include "stm32f303xc.h"
      |          ^~~~~~~~~~~~~~~
compilation terminated.
make: *** [Src/subdir.mk:31: Src/initialise.o] Error 1
make: *** Waiting for unfinished jobs....
../Src/main.c:3:10: fatal error: stm32f303xc.h: No such file or directory
    3 | #include "stm32f303xc.h"
      |          ^~~~~~~~~~~~~~~
compilation terminated.
make: *** [Src/subdir.mk:31: Src/main.o] Error 1
In file included from ../Src/timer.c:2:
../Inc/timer.h:6:10: fatal error: stm32f303xc.h: No such file or directory
    6 | #include "stm32f303xc.h"
      |          ^~~~~~~~~~~~~~~
compilation terminated.
make: *** [Src/subdir.mk:31: Src/timer.o] Error 1
"make -j20 all" terminated with exit code 2. Build might be incomplete.
20:07:15 **** Incremental Build of configuration Debug for project task_3_2 ****
make -j20 all 
arm-none-eabi-gcc "../Src/initialise.c" -mcpu=cortex-m4 -std=gnu11 -g3 -DDEBUG -DSTM32F303VCTx -DSTM32 -DSTM32F3 -DSTM32F3DISCOVERY -c -I../Inc -I"C:/Users/benri/OneDrive/Documents/MTRX2700/MTRX2700_Assignment2/stm32f303-definitions/Core/Inc" -O0 -ffunction-sections -fdata-sections -Wall -fstack-usage -fcyclomatic-complexity -MMD -MP -MF"Src/initialise.d" -MT"Src/initialise.o" --specs=nano.specs -mfpu=fpv4-sp-d16 -mfloat-abi=hard -mthumb -o "Src/initialise.o"
arm-none-eabi-gcc "../Src/main.c" -mcpu=cortex-m4 -std=gnu11 -g3 -DDEBUG -DSTM32F303VCTx -DSTM32 -DSTM32F3 -DSTM32F3DISCOVERY -c -I../Inc -I"C:/Users/benri/OneDrive/Documents/MTRX2700/MTRX2700_Assignment2/stm32f303-definitions/Core/Inc" -O0 -ffunction-sections -fdata-sections -Wall -fstack-usage -fcyclomatic-complexity -MMD -MP -MF"Src/main.d" -MT"Src/main.o" --specs=nano.specs -mfpu=fpv4-sp-d16 -mfloat-abi=hard -mthumb -o "Src/main.o"
arm-none-eabi-gcc "../Src/syscalls.c" -mcpu=cortex-m4 -std=gnu11 -g3 -DDEBUG -DSTM32F303VCTx -DSTM32 -DSTM32F3 -DSTM32F3DISCOVERY -c -I../Inc -I"C:/Users/benri/OneDrive/Documents/MTRX2700/MTRX2700_Assignment2/stm32f303-definitions/Core/Inc" -O0 -ffunction-sections -fdata-sections -Wall -fstack-usage -fcyclomatic-complexity -MMD -MP -MF"Src/syscalls.d" -MT"Src/syscalls.o" --specs=nano.specs -mfpu=fpv4-sp-d16 -mfloat-abi=hard -mthumb -o "Src/syscalls.o"
arm-none-eabi-gcc "../Src/sysmem.c" -mcpu=cortex-m4 -std=gnu11 -g3 -DDEBUG -DSTM32F303VCTx -DSTM32 -DSTM32F3 -DSTM32F3DISCOVERY -c -I../Inc -I"C:/Users/benri/OneDrive/Documents/MTRX2700/MTRX2700_Assignment2/stm32f303-definitions/Core/Inc" -O0 -ffunction-sections -fdata-sections -Wall -fstack-usage -fcyclomatic-complexity -MMD -MP -MF"Src/sysmem.d" -MT"Src/sysmem.o" --specs=nano.specs -mfpu=fpv4-sp-d16 -mfloat-abi=hard -mthumb -o "Src/sysmem.o"
arm-none-eabi-gcc "../Src/timer.c" -mcpu=cortex-m4 -std=gnu11 -g3 -DDEBUG -DSTM32F303VCTx -DSTM32 -DSTM32F3 -DSTM32F3DISCOVERY -c -I../Inc -I"C:/Users/benri/OneDrive/Documents/MTRX2700/MTRX2700_Assignment2/stm32f303-definitions/Core/Inc" -O0 -ffunction-sections -fdata-sections -Wall -fstack-usage -fcyclomatic-complexity -MMD -MP -MF"Src/timer.d" -MT"Src/timer.o" --specs=nano.specs -mfpu=fpv4-sp-d16 -mfloat-abi=hard -mthumb -o "Src/timer.o"
../Src/main.c:9:4: warning: #warning "FPU is not initialized, but the project is compiling for an FPU. Please initialize the FPU before use." [-Wcpp]
    9 |   #warning "FPU is not initialized, but the project is compiling for an FPU. Please initialize the FPU before use."
      |    ^~~~~~~
../Src/main.c: In function 'main':
../Src/main.c:53:9: error: 'TIM2_init' has an incomplete type 'HardwareTimer' {aka 'struct _HardwareTimer'}
   53 |         TIM2_init->ARRValue = period*8*1000; // overflow value
      |         ^~~~~~~~~
../Src/main.c:54:25: error: 'TIM2_init' has an incomplete type 'HardwareTimer' {aka 'struct _HardwareTimer'}
   54 |         TimerInitialise(TIM2_init);
      |                         ^~~~~~~~~
../Src/main.c:54:9: error: too few arguments to function 'TimerInitialise'
   54 |         TimerInitialise(TIM2_init);
      |         ^~~~~~~~~~~~~~~
In file included from ../Src/main.c:5:
../Inc/timer.h:17:6: note: declared here
   17 | void TimerInitialise(HardwareTimer *hardware_timer, void (*completion_function)(uint32_t));
      |      ^~~~~~~~~~~~~~~
make: *** [Src/subdir.mk:31: Src/main.o] Error 1
make: *** Waiting for unfinished jobs....
../Src/timer.c:24:17: error: 'RCC_AHBENR_TIM2EN' undeclared here (not in a function); did you mean 'RCC_APB1ENR_TIM2EN'?
   24 |                 RCC_AHBENR_TIM2EN,      // bit to enable for AHB bus
      |                 ^~~~~~~~~~~~~~~~~
      |                 RCC_APB1ENR_TIM2EN
../Src/timer.c: In function 'TimerInitialise':
../Src/timer.c:53:1: error: expected ';' before '}' token
   53 | }
      | ^
make: *** [Src/subdir.mk:31: Src/timer.o] Error 1
"make -j20 all" terminated with exit code 2. Build might be incomplete.
20:07:58 **** Incremental Build of configuration Debug for project task_3_2 ****
make -j20 all 
arm-none-eabi-gcc "../Src/main.c" -mcpu=cortex-m4 -std=gnu11 -g3 -DDEBUG -DSTM32F303VCTx -DSTM32 -DSTM32F3 -DSTM32F3DISCOVERY -c -I../Inc -I"C:/Users/benri/OneDrive/Documents/MTRX2700/MTRX2700_Assignment2/stm32f303-definitions/Core/Inc" -O0 -ffunction-sections -fdata-sections -Wall -fstack-usage -fcyclomatic-complexity -MMD -MP -MF"Src/main.d" -MT"Src/main.o" --specs=nano.specs -mfpu=fpv4-sp-d16 -mfloat-abi=hard -mthumb -o "Src/main.o"
arm-none-eabi-gcc "../Src/timer.c" -mcpu=cortex-m4 -std=gnu11 -g3 -DDEBUG -DSTM32F303VCTx -DSTM32 -DSTM32F3 -DSTM32F3DISCOVERY -c -I../Inc -I"C:/Users/benri/OneDrive/Documents/MTRX2700/MTRX2700_Assignment2/stm32f303-definitions/Core/Inc" -O0 -ffunction-sections -fdata-sections -Wall -fstack-usage -fcyclomatic-complexity -MMD -MP -MF"Src/timer.d" -MT"Src/timer.o" --specs=nano.specs -mfpu=fpv4-sp-d16 -mfloat-abi=hard -mthumb -o "Src/timer.o"
../Src/main.c:9:4: warning: #warning "FPU is not initialized, but the project is compiling for an FPU. Please initialize the FPU before use." [-Wcpp]
    9 |   #warning "FPU is not initialized, but the project is compiling for an FPU. Please initialize the FPU before use."
      |    ^~~~~~~
../Src/main.c: In function 'main':
../Src/main.c:53:9: error: 'TIM2_init' has an incomplete type 'HardwareTimer' {aka 'struct _HardwareTimer'}
   53 |         TIM2_init->ARRValue = period*8*1000; // overflow value
      |         ^~~~~~~~~
../Src/main.c:54:25: error: 'TIM2_init' has an incomplete type 'HardwareTimer' {aka 'struct _HardwareTimer'}
   54 |         TimerInitialise(TIM2_init);
      |                         ^~~~~~~~~
../Src/main.c:54:9: error: too few arguments to function 'TimerInitialise'
   54 |         TimerInitialise(TIM2_init);
      |         ^~~~~~~~~~~~~~~
In file included from ../Src/main.c:5:
../Inc/timer.h:17:6: note: declared here
   17 | void TimerInitialise(HardwareTimer *hardware_timer, void (*completion_function)(uint32_t));
      |      ^~~~~~~~~~~~~~~
make: *** [Src/subdir.mk:31: Src/main.o] Error 1
make: *** Waiting for unfinished jobs....
../Src/timer.c: In function 'TimerInitialise':
../Src/timer.c:53:1: error: expected ';' before '}' token
   53 | }
      | ^
make: *** [Src/subdir.mk:31: Src/timer.o] Error 1
"make -j20 all" terminated with exit code 2. Build might be incomplete.
20:08:14 **** Incremental Build of configuration Debug for project task_3_2 ****
make -j20 all 
arm-none-eabi-gcc "../Src/main.c" -mcpu=cortex-m4 -std=gnu11 -g3 -DDEBUG -DSTM32F303VCTx -DSTM32 -DSTM32F3 -DSTM32F3DISCOVERY -c -I../Inc -I"C:/Users/benri/OneDrive/Documents/MTRX2700/MTRX2700_Assignment2/stm32f303-definitions/Core/Inc" -O0 -ffunction-sections -fdata-sections -Wall -fstack-usage -fcyclomatic-complexity -MMD -MP -MF"Src/main.d" -MT"Src/main.o" --specs=nano.specs -mfpu=fpv4-sp-d16 -mfloat-abi=hard -mthumb -o "Src/main.o"
arm-none-eabi-gcc "../Src/timer.c" -mcpu=cortex-m4 -std=gnu11 -g3 -DDEBUG -DSTM32F303VCTx -DSTM32 -DSTM32F3 -DSTM32F3DISCOVERY -c -I../Inc -I"C:/Users/benri/OneDrive/Documents/MTRX2700/MTRX2700_Assignment2/stm32f303-definitions/Core/Inc" -O0 -ffunction-sections -fdata-sections -Wall -fstack-usage -fcyclomatic-complexity -MMD -MP -MF"Src/timer.d" -MT"Src/timer.o" --specs=nano.specs -mfpu=fpv4-sp-d16 -mfloat-abi=hard -mthumb -o "Src/timer.o"
../Src/main.c:9:4: warning: #warning "FPU is not initialized, but the project is compiling for an FPU. Please initialize the FPU before use." [-Wcpp]
    9 |   #warning "FPU is not initialized, but the project is compiling for an FPU. Please initialize the FPU before use."
      |    ^~~~~~~
../Src/main.c: In function 'main':
../Src/main.c:53:9: error: 'TIM2_init' has an incomplete type 'HardwareTimer' {aka 'struct _HardwareTimer'}
   53 |         TIM2_init->ARRValue = period*8*1000; // overflow value
      |         ^~~~~~~~~
../Src/main.c:54:25: error: 'TIM2_init' has an incomplete type 'HardwareTimer' {aka 'struct _HardwareTimer'}
   54 |         TimerInitialise(TIM2_init);
      |                         ^~~~~~~~~
../Src/main.c:54:9: error: too few arguments to function 'TimerInitialise'
   54 |         TimerInitialise(TIM2_init);
      |         ^~~~~~~~~~~~~~~
In file included from ../Src/main.c:5:
../Inc/timer.h:17:6: note: declared here
   17 | void TimerInitialise(HardwareTimer *hardware_timer, void (*completion_function)(uint32_t));
      |      ^~~~~~~~~~~~~~~
make: *** [Src/subdir.mk:31: Src/main.o] Error 1
make: *** Waiting for unfinished jobs....
../Src/timer.c: In function 'TimerInitialise':
../Src/timer.c:53:1: error: expected ';' before '}' token
   53 | }
      | ^
make: *** [Src/subdir.mk:31: Src/timer.o] Error 1
"make -j20 all" terminated with exit code 2. Build might be incomplete.
20:08:21 **** Incremental Build of configuration Debug for project task_3_2 ****
make -j20 all 
arm-none-eabi-gcc "../Src/main.c" -mcpu=cortex-m4 -std=gnu11 -g3 -DDEBUG -DSTM32F303VCTx -DSTM32 -DSTM32F3 -DSTM32F3DISCOVERY -c -I../Inc -I"C:/Users/benri/OneDrive/Documents/MTRX2700/MTRX2700_Assignment2/stm32f303-definitions/Core/Inc" -O0 -ffunction-sections -fdata-sections -Wall -fstack-usage -fcyclomatic-complexity -MMD -MP -MF"Src/main.d" -MT"Src/main.o" --specs=nano.specs -mfpu=fpv4-sp-d16 -mfloat-abi=hard -mthumb -o "Src/main.o"
arm-none-eabi-gcc "../Src/timer.c" -mcpu=cortex-m4 -std=gnu11 -g3 -DDEBUG -DSTM32F303VCTx -DSTM32 -DSTM32F3 -DSTM32F3DISCOVERY -c -I../Inc -I"C:/Users/benri/OneDrive/Documents/MTRX2700/MTRX2700_Assignment2/stm32f303-definitions/Core/Inc" -O0 -ffunction-sections -fdata-sections -Wall -fstack-usage -fcyclomatic-complexity -MMD -MP -MF"Src/timer.d" -MT"Src/timer.o" --specs=nano.specs -mfpu=fpv4-sp-d16 -mfloat-abi=hard -mthumb -o "Src/timer.o"
../Src/main.c:9:4: warning: #warning "FPU is not initialized, but the project is compiling for an FPU. Please initialize the FPU before use." [-Wcpp]
    9 |   #warning "FPU is not initialized, but the project is compiling for an FPU. Please initialize the FPU before use."
      |    ^~~~~~~
../Src/main.c: In function 'main':
../Src/main.c:53:9: error: 'TIM2_init' has an incomplete type 'HardwareTimer' {aka 'struct _HardwareTimer'}
   53 |         TIM2_init->ARRValue = period*8*1000; // overflow value
      |         ^~~~~~~~~
../Src/main.c:54:25: error: 'TIM2_init' has an incomplete type 'HardwareTimer' {aka 'struct _HardwareTimer'}
   54 |         TimerInitialise(TIM2_init);
      |                         ^~~~~~~~~
../Src/main.c:54:9: error: too few arguments to function 'TimerInitialise'
   54 |         TimerInitialise(TIM2_init);
      |         ^~~~~~~~~~~~~~~
In file included from ../Src/main.c:5:
../Inc/timer.h:17:6: note: declared here
   17 | void TimerInitialise(HardwareTimer *hardware_timer, void (*completion_function)(uint32_t));
      |      ^~~~~~~~~~~~~~~
make: *** [Src/subdir.mk:31: Src/main.o] Error 1
make: *** Waiting for unfinished jobs....
"make -j20 all" terminated with exit code 2. Build might be incomplete.
20:08:47 **** Incremental Build of configuration Debug for project task_3_2 ****
make -j20 all 
arm-none-eabi-gcc "../Src/main.c" -mcpu=cortex-m4 -std=gnu11 -g3 -DDEBUG -DSTM32F303VCTx -DSTM32 -DSTM32F3 -DSTM32F3DISCOVERY -c -I../Inc -I"C:/Users/benri/OneDrive/Documents/MTRX2700/MTRX2700_Assignment2/stm32f303-definitions/Core/Inc" -O0 -ffunction-sections -fdata-sections -Wall -fstack-usage -fcyclomatic-complexity -MMD -MP -MF"Src/main.d" -MT"Src/main.o" --specs=nano.specs -mfpu=fpv4-sp-d16 -mfloat-abi=hard -mthumb -o "Src/main.o"
../Src/main.c:9:4: warning: #warning "FPU is not initialized, but the project is compiling for an FPU. Please initialize the FPU before use." [-Wcpp]
    9 |   #warning "FPU is not initialized, but the project is compiling for an FPU. Please initialize the FPU before use."
      |    ^~~~~~~
../Src/main.c: In function 'main':
../Src/main.c:53:9: error: 'TIM2_init' has an incomplete type 'HardwareTimer' {aka 'struct _HardwareTimer'}
   53 |         TIM2_init->ARRValue = period*8*1000; // overflow value
      |         ^~~~~~~~~
../Src/main.c:54:25: error: 'TIM2_init' has an incomplete type 'HardwareTimer' {aka 'struct _HardwareTimer'}
   54 |         TimerInitialise(TIM2_init);
      |                         ^~~~~~~~~
../Src/main.c:54:9: error: too few arguments to function 'TimerInitialise'
   54 |         TimerInitialise(TIM2_init);
      |         ^~~~~~~~~~~~~~~
In file included from ../Src/main.c:5:
../Inc/timer.h:17:6: note: declared here
   17 | void TimerInitialise(HardwareTimer *hardware_timer, void (*completion_function)(uint32_t));
      |      ^~~~~~~~~~~~~~~
make: *** [Src/subdir.mk:31: Src/main.o] Error 1
"make -j20 all" terminated with exit code 2. Build might be incomplete.
20:09:15 **** Incremental Build of configuration Debug for project task_3_2 ****
make -j20 all 
arm-none-eabi-gcc "../Src/main.c" -mcpu=cortex-m4 -std=gnu11 -g3 -DDEBUG -DSTM32F303VCTx -DSTM32 -DSTM32F3 -DSTM32F3DISCOVERY -c -I../Inc -I"C:/Users/benri/OneDrive/Documents/MTRX2700/MTRX2700_Assignment2/stm32f303-definitions/Core/Inc" -O0 -ffunction-sections -fdata-sections -Wall -fstack-usage -fcyclomatic-complexity -MMD -MP -MF"Src/main.d" -MT"Src/main.o" --specs=nano.specs -mfpu=fpv4-sp-d16 -mfloat-abi=hard -mthumb -o "Src/main.o"
arm-none-eabi-gcc "../Src/timer.c" -mcpu=cortex-m4 -std=gnu11 -g3 -DDEBUG -DSTM32F303VCTx -DSTM32 -DSTM32F3 -DSTM32F3DISCOVERY -c -I../Inc -I"C:/Users/benri/OneDrive/Documents/MTRX2700/MTRX2700_Assignment2/stm32f303-definitions/Core/Inc" -O0 -ffunction-sections -fdata-sections -Wall -fstack-usage -fcyclomatic-complexity -MMD -MP -MF"Src/timer.d" -MT"Src/timer.o" --specs=nano.specs -mfpu=fpv4-sp-d16 -mfloat-abi=hard -mthumb -o "Src/timer.o"
../Src/main.c:9:4: warning: #warning "FPU is not initialized, but the project is compiling for an FPU. Please initialize the FPU before use." [-Wcpp]
    9 |   #warning "FPU is not initialized, but the project is compiling for an FPU. Please initialize the FPU before use."
      |    ^~~~~~~
../Src/main.c: In function 'main':
../Src/main.c:53:9: error: 'TIM2_init' has an incomplete type 'HardwareTimer' {aka 'struct _HardwareTimer'}
   53 |         TIM2_init->ARRValue = period*8*1000; // overflow value
      |         ^~~~~~~~~
../Src/main.c:54:25: error: 'TIM2_init' has an incomplete type 'HardwareTimer' {aka 'struct _HardwareTimer'}
   54 |         TimerInitialise(TIM2_init);
      |                         ^~~~~~~~~
make: *** [Src/subdir.mk:31: Src/main.o] Error 1
make: *** Waiting for unfinished jobs....
../Src/timer.c:31:6: error: conflicting types for 'TimerInitialise'; have 'void(HardwareTimer *, void (*)(uint32_t))' {aka 'void(struct _HardwareTimer *, void (*)(long unsigned int))'}
   31 | void TimerInitialise(HardwareTimer *hardware_timer, void (*completion_function)(uint32_t)) {
      |      ^~~~~~~~~~~~~~~
In file included from ../Src/timer.c:2:
../Inc/timer.h:17:6: note: previous declaration of 'TimerInitialise' with type 'void(HardwareTimer *)' {aka 'void(struct _HardwareTimer *)'}
   17 | void TimerInitialise(HardwareTimer *hardware_timer);
      |      ^~~~~~~~~~~~~~~
make: *** [Src/subdir.mk:31: Src/timer.o] Error 1
"make -j20 all" terminated with exit code 2. Build might be incomplete.
20:10:14 **** Incremental Build of configuration Debug for project task_3_2 ****
make -j20 all 
arm-none-eabi-gcc "../Src/main.c" -mcpu=cortex-m4 -std=gnu11 -g3 -DDEBUG -DSTM32F303VCTx -DSTM32 -DSTM32F3 -DSTM32F3DISCOVERY -c -I../Inc -I"C:/Users/benri/OneDrive/Documents/MTRX2700/MTRX2700_Assignment2/stm32f303-definitions/Core/Inc" -O0 -ffunction-sections -fdata-sections -Wall -fstack-usage -fcyclomatic-complexity -MMD -MP -MF"Src/main.d" -MT"Src/main.o" --specs=nano.specs -mfpu=fpv4-sp-d16 -mfloat-abi=hard -mthumb -o "Src/main.o"
arm-none-eabi-gcc "../Src/timer.c" -mcpu=cortex-m4 -std=gnu11 -g3 -DDEBUG -DSTM32F303VCTx -DSTM32 -DSTM32F3 -DSTM32F3DISCOVERY -c -I../Inc -I"C:/Users/benri/OneDrive/Documents/MTRX2700/MTRX2700_Assignment2/stm32f303-definitions/Core/Inc" -O0 -ffunction-sections -fdata-sections -Wall -fstack-usage -fcyclomatic-complexity -MMD -MP -MF"Src/timer.d" -MT"Src/timer.o" --specs=nano.specs -mfpu=fpv4-sp-d16 -mfloat-abi=hard -mthumb -o "Src/timer.o"
../Src/main.c:9:4: warning: #warning "FPU is not initialized, but the project is compiling for an FPU. Please initialize the FPU before use." [-Wcpp]
    9 |   #warning "FPU is not initialized, but the project is compiling for an FPU. Please initialize the FPU before use."
      |    ^~~~~~~
../Src/main.c: In function 'main':
../Src/main.c:53:9: error: 'TIM2_init' has an incomplete type 'HardwareTimer' {aka 'struct _HardwareTimer'}
   53 |         TIM2_init->ARRValue = period*8*1000; // overflow value
      |         ^~~~~~~~~
../Src/main.c:54:25: error: 'TIM2_init' has an incomplete type 'HardwareTimer' {aka 'struct _HardwareTimer'}
   54 |         TimerInitialise(TIM2_init);
      |                         ^~~~~~~~~
make: *** [Src/subdir.mk:31: Src/main.o] Error 1
make: *** Waiting for unfinished jobs....
"make -j20 all" terminated with exit code 2. Build might be incomplete.
20:11:12 **** Incremental Build of configuration Debug for project task_3_2 ****
make -j20 all 
arm-none-eabi-gcc "../Src/main.c" -mcpu=cortex-m4 -std=gnu11 -g3 -DDEBUG -DSTM32F303VCTx -DSTM32 -DSTM32F3 -DSTM32F3DISCOVERY -c -I../Inc -I"C:/Users/benri/OneDrive/Documents/MTRX2700/MTRX2700_Assignment2/stm32f303-definitions/Core/Inc" -O0 -ffunction-sections -fdata-sections -Wall -fstack-usage -fcyclomatic-complexity -MMD -MP -MF"Src/main.d" -MT"Src/main.o" --specs=nano.specs -mfpu=fpv4-sp-d16 -mfloat-abi=hard -mthumb -o "Src/main.o"
../Src/main.c:9:4: warning: #warning "FPU is not initialized, but the project is compiling for an FPU. Please initialize the FPU before use." [-Wcpp]
    9 |   #warning "FPU is not initialized, but the project is compiling for an FPU. Please initialize the FPU before use."
      |    ^~~~~~~
../Src/main.c: In function 'main':
../Src/main.c:53:9: error: 'TIM2_init' has an incomplete type 'HardwareTimer' {aka 'struct _HardwareTimer'}
   53 |         TIM2_init->ARRValue = period*8*1000; // overflow value
      |         ^~~~~~~~~
../Src/main.c:54:25: error: 'TIM2_init' has an incomplete type 'HardwareTimer' {aka 'struct _HardwareTimer'}
   54 |         TimerInitialise(TIM2_init);
      |                         ^~~~~~~~~
make: *** [Src/subdir.mk:31: Src/main.o] Error 1
"make -j20 all" terminated with exit code 2. Build might be incomplete.
20:11:17 **** Incremental Build of configuration Debug for project task_3_2 ****
make -j20 all 
arm-none-eabi-gcc "../Src/main.c" -mcpu=cortex-m4 -std=gnu11 -g3 -DDEBUG -DSTM32F303VCTx -DSTM32 -DSTM32F3 -DSTM32F3DISCOVERY -c -I../Inc -I"C:/Users/benri/OneDrive/Documents/MTRX2700/MTRX2700_Assignment2/stm32f303-definitions/Core/Inc" -O0 -ffunction-sections -fdata-sections -Wall -fstack-usage -fcyclomatic-complexity -MMD -MP -MF"Src/main.d" -MT"Src/main.o" --specs=nano.specs -mfpu=fpv4-sp-d16 -mfloat-abi=hard -mthumb -o "Src/main.o"
../Src/main.c:9:4: warning: #warning "FPU is not initialized, but the project is compiling for an FPU. Please initialize the FPU before use." [-Wcpp]
    9 |   #warning "FPU is not initialized, but the project is compiling for an FPU. Please initialize the FPU before use."
      |    ^~~~~~~
../Src/main.c: In function 'main':
../Src/main.c:54:25: error: 'TIM2_init' has an incomplete type 'HardwareTimer' {aka 'struct _HardwareTimer'}
   54 |         TimerInitialise(TIM2_init);
      |                         ^~~~~~~~~
../Src/main.c:52:18: warning: unused variable 'period' [-Wunused-variable]
   52 |         uint32_t period = 1000; // period in milliseconds
      |                  ^~~~~~
make: *** [Src/subdir.mk:31: Src/main.o] Error 1
"make -j20 all" terminated with exit code 2. Build might be incomplete.
20:11:45 **** Incremental Build of configuration Debug for project task_3_2 ****
make -j20 all 
arm-none-eabi-gcc "../Src/main.c" -mcpu=cortex-m4 -std=gnu11 -g3 -DDEBUG -DSTM32F303VCTx -DSTM32 -DSTM32F3 -DSTM32F3DISCOVERY -c -I../Inc -I"C:/Users/benri/OneDrive/Documents/MTRX2700/MTRX2700_Assignment2/stm32f303-definitions/Core/Inc" -O0 -ffunction-sections -fdata-sections -Wall -fstack-usage -fcyclomatic-complexity -MMD -MP -MF"Src/main.d" -MT"Src/main.o" --specs=nano.specs -mfpu=fpv4-sp-d16 -mfloat-abi=hard -mthumb -o "Src/main.o"
../Src/main.c:9:4: warning: #warning "FPU is not initialized, but the project is compiling for an FPU. Please initialize the FPU before use." [-Wcpp]
    9 |   #warning "FPU is not initialized, but the project is compiling for an FPU. Please initialize the FPU before use."
      |    ^~~~~~~
../Src/main.c: In function 'main':
../Src/main.c:52:18: warning: unused variable 'period' [-Wunused-variable]
   52 |         uint32_t period = 1000; // period in milliseconds
      |                  ^~~~~~
arm-none-eabi-gcc -o "task_3_2.elf" @"objects.list"   -mcpu=cortex-m4 -T"C:\Users\benri\OneDrive\Documents\MTRX2700\MTRX2700_Assignment2\exercise_3\task_3_2\STM32F303VCTX_FLASH.ld" --specs=nosys.specs -Wl,-Map="task_3_2.map" -Wl,--gc-sections -static --specs=nano.specs -mfpu=fpv4-sp-d16 -mfloat-abi=hard -mthumb -Wl,--start-group -lc -lm -Wl,--end-group
Finished building target: task_3_2.elf
 
arm-none-eabi-size  task_3_2.elf 
arm-none-eabi-objdump -h -S task_3_2.elf  > "task_3_2.list"
   text	   data	    bss	    dec	    hex	filename
    984	     44	   1572	   2600	    a28	task_3_2.elf
Finished building: default.size.stdout
 
Finished building: task_3_2.list
 
20:11:51 **** Incremental Build of configuration Debug for project task_3_2 ****
make -j20 all 
arm-none-eabi-size  task_3_2.elf 
   text	   data	    bss	    dec	    hex	filename
    984	     44	   1572	   2600	    a28	task_3_2.elf
Finished building: default.size.stdout
 
20:12:58 **** Incremental Build of configuration Debug for project task_3_2 ****
make -j20 all 
arm-none-eabi-gcc "../Src/main.c" -mcpu=cortex-m4 -std=gnu11 -g3 -DDEBUG -DSTM32F303VCTx -DSTM32 -DSTM32F3 -DSTM32F3DISCOVERY -c -I../Inc -I"C:/Users/benri/OneDrive/Documents/MTRX2700/MTRX2700_Assignment2/stm32f303-definitions/Core/Inc" -O0 -ffunction-sections -fdata-sections -Wall -fstack-usage -fcyclomatic-complexity -MMD -MP -MF"Src/main.d" -MT"Src/main.o" --specs=nano.specs -mfpu=fpv4-sp-d16 -mfloat-abi=hard -mthumb -o "Src/main.o"
../Src/main.c:9:4: warning: #warning "FPU is not initialized, but the project is compiling for an FPU. Please initialize the FPU before use." [-Wcpp]
    9 |   #warning "FPU is not initialized, but the project is compiling for an FPU. Please initialize the FPU before use."
      |    ^~~~~~~
../Src/main.c: In function 'main':
../Src/main.c:53:18: warning: unused variable 'period' [-Wunused-variable]
   53 |         uint32_t period = 1000; // period in milliseconds
      |                  ^~~~~~
arm-none-eabi-gcc -o "task_3_2.elf" @"objects.list"   -mcpu=cortex-m4 -T"C:\Users\benri\OneDrive\Documents\MTRX2700\MTRX2700_Assignment2\exercise_3\task_3_2\STM32F303VCTX_FLASH.ld" --specs=nosys.specs -Wl,-Map="task_3_2.map" -Wl,--gc-sections -static --specs=nano.specs -mfpu=fpv4-sp-d16 -mfloat-abi=hard -mthumb -Wl,--start-group -lc -lm -Wl,--end-group
Finished building target: task_3_2.elf
 
arm-none-eabi-size  task_3_2.elf 
arm-none-eabi-objdump -h -S task_3_2.elf  > "task_3_2.list"
   text	   data	    bss	    dec	    hex	filename
   1164	     44	   1572	   2780	    adc	task_3_2.elf
Finished building: default.size.stdout
 
Finished building: task_3_2.list
 
20:13:39 **** Incremental Build of configuration Debug for project task_3_2 ****
make -j20 all 
arm-none-eabi-gcc "../Src/main.c" -mcpu=cortex-m4 -std=gnu11 -g3 -DDEBUG -DSTM32F303VCTx -DSTM32 -DSTM32F3 -DSTM32F3DISCOVERY -c -I../Inc -I"C:/Users/benri/OneDrive/Documents/MTRX2700/MTRX2700_Assignment2/stm32f303-definitions/Core/Inc" -O0 -ffunction-sections -fdata-sections -Wall -fstack-usage -fcyclomatic-complexity -MMD -MP -MF"Src/main.d" -MT"Src/main.o" --specs=nano.specs -mfpu=fpv4-sp-d16 -mfloat-abi=hard -mthumb -o "Src/main.o"
../Src/main.c:9:4: warning: #warning "FPU is not initialized, but the project is compiling for an FPU. Please initialize the FPU before use." [-Wcpp]
    9 |   #warning "FPU is not initialized, but the project is compiling for an FPU. Please initialize the FPU before use."
      |    ^~~~~~~
../Src/main.c: In function 'main':
../Src/main.c:54:9: error: 'TIM2_init' has an incomplete type 'HardwareTimer' {aka 'struct _HardwareTimer'}
   54 |         TIM2_init->ARRValue = period*8*1000; // overflow value
      |         ^~~~~~~~~
make: *** [Src/subdir.mk:31: Src/main.o] Error 1
"make -j20 all" terminated with exit code 2. Build might be incomplete.
20:14:43 **** Incremental Build of configuration Debug for project task_3_2 ****
make -j20 all 
arm-none-eabi-gcc "../Src/main.c" -mcpu=cortex-m4 -std=gnu11 -g3 -DDEBUG -DSTM32F303VCTx -DSTM32 -DSTM32F3 -DSTM32F3DISCOVERY -c -I../Inc -I"C:/Users/benri/OneDrive/Documents/MTRX2700/MTRX2700_Assignment2/stm32f303-definitions/Core/Inc" -O0 -ffunction-sections -fdata-sections -Wall -fstack-usage -fcyclomatic-complexity -MMD -MP -MF"Src/main.d" -MT"Src/main.o" --specs=nano.specs -mfpu=fpv4-sp-d16 -mfloat-abi=hard -mthumb -o "Src/main.o"
../Src/main.c:9:4: warning: #warning "FPU is not initialized, but the project is compiling for an FPU. Please initialize the FPU before use." [-Wcpp]
    9 |   #warning "FPU is not initialized, but the project is compiling for an FPU. Please initialize the FPU before use."
      |    ^~~~~~~
../Src/main.c: In function 'main':
../Src/main.c:54:9: error: 'TIM2_init' has an incomplete type 'HardwareTimer' {aka 'struct _HardwareTimer'}
   54 |         TIM2_init->ARRValue = period*8*1000; // overflow value
      |         ^~~~~~~~~
make: *** [Src/subdir.mk:31: Src/main.o] Error 1
"make -j20 all" terminated with exit code 2. Build might be incomplete.
20:15:12 **** Incremental Build of configuration Debug for project task_3_2 ****
make -j20 all 
arm-none-eabi-gcc "../Src/main.c" -mcpu=cortex-m4 -std=gnu11 -g3 -DDEBUG -DSTM32F303VCTx -DSTM32 -DSTM32F3 -DSTM32F3DISCOVERY -c -I../Inc -I"C:/Users/benri/OneDrive/Documents/MTRX2700/MTRX2700_Assignment2/stm32f303-definitions/Core/Inc" -O0 -ffunction-sections -fdata-sections -Wall -fstack-usage -fcyclomatic-complexity -MMD -MP -MF"Src/main.d" -MT"Src/main.o" --specs=nano.specs -mfpu=fpv4-sp-d16 -mfloat-abi=hard -mthumb -o "Src/main.o"
arm-none-eabi-gcc "../Src/timer.c" -mcpu=cortex-m4 -std=gnu11 -g3 -DDEBUG -DSTM32F303VCTx -DSTM32 -DSTM32F3 -DSTM32F3DISCOVERY -c -I../Inc -I"C:/Users/benri/OneDrive/Documents/MTRX2700/MTRX2700_Assignment2/stm32f303-definitions/Core/Inc" -O0 -ffunction-sections -fdata-sections -Wall -fstack-usage -fcyclomatic-complexity -MMD -MP -MF"Src/timer.d" -MT"Src/timer.o" --specs=nano.specs -mfpu=fpv4-sp-d16 -mfloat-abi=hard -mthumb -o "Src/timer.o"
../Src/main.c:9:4: warning: #warning "FPU is not initialized, but the project is compiling for an FPU. Please initialize the FPU before use." [-Wcpp]
    9 |   #warning "FPU is not initialized, but the project is compiling for an FPU. Please initialize the FPU before use."
      |    ^~~~~~~
../Src/main.c: In function 'main':
../Src/main.c:53:18: warning: unused variable 'period' [-Wunused-variable]
   53 |         uint32_t period = 1000; // period in milliseconds
      |                  ^~~~~~
arm-none-eabi-gcc -o "task_3_2.elf" @"objects.list"   -mcpu=cortex-m4 -T"C:\Users\benri\OneDrive\Documents\MTRX2700\MTRX2700_Assignment2\exercise_3\task_3_2\STM32F303VCTX_FLASH.ld" --specs=nosys.specs -Wl,-Map="task_3_2.map" -Wl,--gc-sections -static --specs=nano.specs -mfpu=fpv4-sp-d16 -mfloat-abi=hard -mthumb -Wl,--start-group -lc -lm -Wl,--end-group
Finished building target: task_3_2.elf
 
arm-none-eabi-size  task_3_2.elf 
arm-none-eabi-objdump -h -S task_3_2.elf  > "task_3_2.list"
   text	   data	    bss	    dec	    hex	filename
   1164	     44	   1572	   2780	    adc	task_3_2.elf
Finished building: default.size.stdout
 
Finished building: task_3_2.list
 
20:16:01 **** Incremental Build of configuration Debug for project task_3_2 ****
make -j20 all 
arm-none-eabi-gcc "../Src/main.c" -mcpu=cortex-m4 -std=gnu11 -g3 -DDEBUG -DSTM32F303VCTx -DSTM32 -DSTM32F3 -DSTM32F3DISCOVERY -c -I../Inc -I"C:/Users/benri/OneDrive/Documents/MTRX2700/MTRX2700_Assignment2/stm32f303-definitions/Core/Inc" -O0 -ffunction-sections -fdata-sections -Wall -fstack-usage -fcyclomatic-complexity -MMD -MP -MF"Src/main.d" -MT"Src/main.o" --specs=nano.specs -mfpu=fpv4-sp-d16 -mfloat-abi=hard -mthumb -o "Src/main.o"
arm-none-eabi-gcc "../Src/timer.c" -mcpu=cortex-m4 -std=gnu11 -g3 -DDEBUG -DSTM32F303VCTx -DSTM32 -DSTM32F3 -DSTM32F3DISCOVERY -c -I../Inc -I"C:/Users/benri/OneDrive/Documents/MTRX2700/MTRX2700_Assignment2/stm32f303-definitions/Core/Inc" -O0 -ffunction-sections -fdata-sections -Wall -fstack-usage -fcyclomatic-complexity -MMD -MP -MF"Src/timer.d" -MT"Src/timer.o" --specs=nano.specs -mfpu=fpv4-sp-d16 -mfloat-abi=hard -mthumb -o "Src/timer.o"
../Src/main.c:9:4: warning: #warning "FPU is not initialized, but the project is compiling for an FPU. Please initialize the FPU before use." [-Wcpp]
    9 |   #warning "FPU is not initialized, but the project is compiling for an FPU. Please initialize the FPU before use."
      |    ^~~~~~~
arm-none-eabi-gcc -o "task_3_2.elf" @"objects.list"   -mcpu=cortex-m4 -T"C:\Users\benri\OneDrive\Documents\MTRX2700\MTRX2700_Assignment2\exercise_3\task_3_2\STM32F303VCTX_FLASH.ld" --specs=nosys.specs -Wl,-Map="task_3_2.map" -Wl,--gc-sections -static --specs=nano.specs -mfpu=fpv4-sp-d16 -mfloat-abi=hard -mthumb -Wl,--start-group -lc -lm -Wl,--end-group
Finished building target: task_3_2.elf
 
arm-none-eabi-size  task_3_2.elf 
arm-none-eabi-objdump -h -S task_3_2.elf  > "task_3_2.list"
   text	   data	    bss	    dec	    hex	filename
   1156	     44	   1572	   2772	    ad4	task_3_2.elf
Finished building: default.size.stdout
 
Finished building: task_3_2.list
 
20:57:57 **** Incremental Build of configuration Debug for project task_3_2 ****
make -j20 all 
arm-none-eabi-gcc "../Src/main.c" -mcpu=cortex-m4 -std=gnu11 -g3 -DDEBUG -DSTM32F303VCTx -DSTM32 -DSTM32F3 -DSTM32F3DISCOVERY -c -I../Inc -I"C:/Users/benri/OneDrive/Documents/MTRX2700/MTRX2700_Assignment2/stm32f303-definitions/Core/Inc" -O0 -ffunction-sections -fdata-sections -Wall -fstack-usage -fcyclomatic-complexity -MMD -MP -MF"Src/main.d" -MT"Src/main.o" --specs=nano.specs -mfpu=fpv4-sp-d16 -mfloat-abi=hard -mthumb -o "Src/main.o"
arm-none-eabi-gcc "../Src/timer.c" -mcpu=cortex-m4 -std=gnu11 -g3 -DDEBUG -DSTM32F303VCTx -DSTM32 -DSTM32F3 -DSTM32F3DISCOVERY -c -I../Inc -I"C:/Users/benri/OneDrive/Documents/MTRX2700/MTRX2700_Assignment2/stm32f303-definitions/Core/Inc" -O0 -ffunction-sections -fdata-sections -Wall -fstack-usage -fcyclomatic-complexity -MMD -MP -MF"Src/timer.d" -MT"Src/timer.o" --specs=nano.specs -mfpu=fpv4-sp-d16 -mfloat-abi=hard -mthumb -o "Src/timer.o"
../Src/main.c:9:4: warning: #warning "FPU is not initialized, but the project is compiling for an FPU. Please initialize the FPU before use." [-Wcpp]
    9 |   #warning "FPU is not initialized, but the project is compiling for an FPU. Please initialize the FPU before use."
      |    ^~~~~~~
../Src/main.c: In function 'main':
../Src/main.c:49:18: error: invalid use of incomplete typedef 'HardwareTimer' {aka 'struct _HardwareTimer'}
   49 |         TIM2_init.setPeriod(5000000);
      |                  ^
make: *** [Src/subdir.mk:31: Src/main.o] Error 1
make: *** Waiting for unfinished jobs....
../Src/timer.c:8:9: error: expected specifier-qualifier-list before 'static'
    8 |         static uint16_t PrescaleValue;  // prescaler value
      |         ^~~~~~
../Src/timer.c:49:17: warning: excess elements in struct initializer
   49 |                 0,                                      // prescaler
      |                 ^
../Src/timer.c:49:17: note: (near initialization for 'TIM2_init')
../Src/timer.c:50:17: warning: excess elements in struct initializer
   50 |                 8000000,                        // overflow value
      |                 ^~~~~~~
../Src/timer.c:50:17: note: (near initialization for 'TIM2_init')
../Src/timer.c:51:17: warning: excess elements in struct initializer
   51 |                 0x00,                           // bit to enable APB2 bus
      |                 ^~~~
../Src/timer.c:51:17: note: (near initialization for 'TIM2_init')
In file included from ../Inc/timer.h:6,
                 from ../Src/timer.c:2:
C:/Users/benri/OneDrive/Documents/MTRX2700/MTRX2700_Assignment2/stm32f303-definitions/Core/Inc/stm32f303xc.h:9555:50: warning: excess elements in struct initializer
 9555 | #define RCC_APB1ENR_TIM2EN_Msk                   (0x1UL << RCC_APB1ENR_TIM2EN_Pos) /*!< 0x00000001 */
      |                                                  ^
C:/Users/benri/OneDrive/Documents/MTRX2700/MTRX2700_Assignment2/stm32f303-definitions/Core/Inc/stm32f303xc.h:9556:50: note: in expansion of macro 'RCC_APB1ENR_TIM2EN_Msk'
 9556 | #define RCC_APB1ENR_TIM2EN                       RCC_APB1ENR_TIM2EN_Msk        /*!< Timer 2 clock enable */
      |                                                  ^~~~~~~~~~~~~~~~~~~~~~
../Src/timer.c:52:17: note: in expansion of macro 'RCC_APB1ENR_TIM2EN'
   52 |                 RCC_APB1ENR_TIM2EN, // bit to enable APB1 bus
      |                 ^~~~~~~~~~~~~~~~~~
C:/Users/benri/OneDrive/Documents/MTRX2700/MTRX2700_Assignment2/stm32f303-definitions/Core/Inc/stm32f303xc.h:9555:50: note: (near initialization for 'TIM2_init')
 9555 | #define RCC_APB1ENR_TIM2EN_Msk                   (0x1UL << RCC_APB1ENR_TIM2EN_Pos) /*!< 0x00000001 */
      |                                                  ^
C:/Users/benri/OneDrive/Documents/MTRX2700/MTRX2700_Assignment2/stm32f303-definitions/Core/Inc/stm32f303xc.h:9556:50: note: in expansion of macro 'RCC_APB1ENR_TIM2EN_Msk'
 9556 | #define RCC_APB1ENR_TIM2EN                       RCC_APB1ENR_TIM2EN_Msk        /*!< Timer 2 clock enable */
      |                                                  ^~~~~~~~~~~~~~~~~~~~~~
../Src/timer.c:52:17: note: in expansion of macro 'RCC_APB1ENR_TIM2EN'
   52 |                 RCC_APB1ENR_TIM2EN, // bit to enable APB1 bus
      |                 ^~~~~~~~~~~~~~~~~~
../Src/timer.c:53:17: warning: excess elements in struct initializer
   53 |                 0x00,                           // bit to enable for AHB bus
      |                 ^~~~
../Src/timer.c:53:17: note: (near initialization for 'TIM2_init')
In file included from ../Inc/timer.h:6,
                 from ../Src/timer.c:2:
C:/Users/benri/OneDrive/Documents/MTRX2700/MTRX2700_Assignment2/stm32f303-definitions/Core/Inc/stm32f303xc.h:11106:35: warning: excess elements in struct initializer
11106 | #define TIM_CR1_URS_Msk           (0x1UL << TIM_CR1_URS_Pos)                    /*!< 0x00000004 */
      |                                   ^
C:/Users/benri/OneDrive/Documents/MTRX2700/MTRX2700_Assignment2/stm32f303-definitions/Core/Inc/stm32f303xc.h:11107:35: note: in expansion of macro 'TIM_CR1_URS_Msk'
11107 | #define TIM_CR1_URS               TIM_CR1_URS_Msk                              /*!<Update request source */
      |                                   ^~~~~~~~~~~~~~~
../Src/timer.c:54:17: note: in expansion of macro 'TIM_CR1_URS'
   54 |                 TIM_CR1_URS,            // bit for CR1 reg; interrupt only flagged at over/underflow
      |                 ^~~~~~~~~~~
C:/Users/benri/OneDrive/Documents/MTRX2700/MTRX2700_Assignment2/stm32f303-definitions/Core/Inc/stm32f303xc.h:11106:35: note: (near initialization for 'TIM2_init')
11106 | #define TIM_CR1_URS_Msk           (0x1UL << TIM_CR1_URS_Pos)                    /*!< 0x00000004 */
      |                                   ^
C:/Users/benri/OneDrive/Documents/MTRX2700/MTRX2700_Assignment2/stm32f303-definitions/Core/Inc/stm32f303xc.h:11107:35: note: in expansion of macro 'TIM_CR1_URS_Msk'
11107 | #define TIM_CR1_URS               TIM_CR1_URS_Msk                              /*!<Update request source */
      |                                   ^~~~~~~~~~~~~~~
../Src/timer.c:54:17: note: in expansion of macro 'TIM_CR1_URS'
   54 |                 TIM_CR1_URS,            // bit for CR1 reg; interrupt only flagged at over/underflow
      |                 ^~~~~~~~~~~
C:/Users/benri/OneDrive/Documents/MTRX2700/MTRX2700_Assignment2/stm32f303-definitions/Core/Inc/stm32f303xc.h:11240:35: warning: excess elements in struct initializer
11240 | #define TIM_DIER_UIE_Msk          (0x1UL << TIM_DIER_UIE_Pos)                   /*!< 0x00000001 */
      |                                   ^
C:/Users/benri/OneDrive/Documents/MTRX2700/MTRX2700_Assignment2/stm32f303-definitions/Core/Inc/stm32f303xc.h:11241:35: note: in expansion of macro 'TIM_DIER_UIE_Msk'
11241 | #define TIM_DIER_UIE              TIM_DIER_UIE_Msk                             /*!<Update interrupt enable */
      |                                   ^~~~~~~~~~~~~~~~
../Src/timer.c:55:17: note: in expansion of macro 'TIM_DIER_UIE'
   55 |                 TIM_DIER_UIE,           // enable update interrupt
      |                 ^~~~~~~~~~~~
C:/Users/benri/OneDrive/Documents/MTRX2700/MTRX2700_Assignment2/stm32f303-definitions/Core/Inc/stm32f303xc.h:11240:35: note: (near initialization for 'TIM2_init')
11240 | #define TIM_DIER_UIE_Msk          (0x1UL << TIM_DIER_UIE_Pos)                   /*!< 0x00000001 */
      |                                   ^
C:/Users/benri/OneDrive/Documents/MTRX2700/MTRX2700_Assignment2/stm32f303-definitions/Core/Inc/stm32f303xc.h:11241:35: note: in expansion of macro 'TIM_DIER_UIE_Msk'
11241 | #define TIM_DIER_UIE              TIM_DIER_UIE_Msk                             /*!<Update interrupt enable */
      |                                   ^~~~~~~~~~~~~~~~
../Src/timer.c:55:17: note: in expansion of macro 'TIM_DIER_UIE'
   55 |                 TIM_DIER_UIE,           // enable update interrupt
      |                 ^~~~~~~~~~~~
../Src/timer.c:56:17: warning: excess elements in struct initializer
   56 |                 0X00                            // default function pointer is NULL
      |                 ^~~~
../Src/timer.c:56:17: note: (near initialization for 'TIM2_init')
../Src/timer.c: In function 'TimerInitialise':
../Src/timer.c:63:35: error: 'HardwareTimer' {aka 'struct _HardwareTimer'} has no member named 'MaskAPB1ENR'
   63 |     RCC->APB1ENR |= hardware_timer->MaskAPB1ENR;
      |                                   ^~
../Src/timer.c:66:47: error: 'HardwareTimer' {aka 'struct _HardwareTimer'} has no member named 'PrescaleValue'
   66 |     hardware_timer->TIMx->PSC = hardware_timer->PrescaleValue;
      |                                               ^~
../Src/timer.c:69:47: error: 'HardwareTimer' {aka 'struct _HardwareTimer'} has no member named 'ARRValue'
   69 |     hardware_timer->TIMx->ARR = hardware_timer->ARRValue;
      |                                               ^~
../Src/timer.c:72:48: error: 'HardwareTimer' {aka 'struct _HardwareTimer'} has no member named 'MaskCR1'
   72 |     hardware_timer->TIMx->CR1 |= hardware_timer->MaskCR1;
      |                                                ^~
../Src/timer.c:75:49: error: 'HardwareTimer' {aka 'struct _HardwareTimer'} has no member named 'MaskDIER'
   75 |     hardware_timer->TIMx->DIER |= hardware_timer->MaskDIER;
      |                                                 ^~
make: *** [Src/subdir.mk:31: Src/timer.o] Error 1
"make -j20 all" terminated with exit code 2. Build might be incomplete.
21:00:45 **** Incremental Build of configuration Debug for project task_3_2 ****
make -j20 all 
arm-none-eabi-gcc "../Src/main.c" -mcpu=cortex-m4 -std=gnu11 -g3 -DDEBUG -DSTM32F303VCTx -DSTM32 -DSTM32F3 -DSTM32F3DISCOVERY -c -I../Inc -I"C:/Users/benri/OneDrive/Documents/MTRX2700/MTRX2700_Assignment2/stm32f303-definitions/Core/Inc" -O0 -ffunction-sections -fdata-sections -Wall -fstack-usage -fcyclomatic-complexity -MMD -MP -MF"Src/main.d" -MT"Src/main.o" --specs=nano.specs -mfpu=fpv4-sp-d16 -mfloat-abi=hard -mthumb -o "Src/main.o"
arm-none-eabi-gcc "../Src/timer.c" -mcpu=cortex-m4 -std=gnu11 -g3 -DDEBUG -DSTM32F303VCTx -DSTM32 -DSTM32F3 -DSTM32F3DISCOVERY -c -I../Inc -I"C:/Users/benri/OneDrive/Documents/MTRX2700/MTRX2700_Assignment2/stm32f303-definitions/Core/Inc" -O0 -ffunction-sections -fdata-sections -Wall -fstack-usage -fcyclomatic-complexity -MMD -MP -MF"Src/timer.d" -MT"Src/timer.o" --specs=nano.specs -mfpu=fpv4-sp-d16 -mfloat-abi=hard -mthumb -o "Src/timer.o"
../Src/main.c:9:4: warning: #warning "FPU is not initialized, but the project is compiling for an FPU. Please initialize the FPU before use." [-Wcpp]
    9 |   #warning "FPU is not initialized, but the project is compiling for an FPU. Please initialize the FPU before use."
      |    ^~~~~~~
../Src/main.c: In function 'main':
../Src/main.c:49:18: error: invalid use of incomplete typedef 'HardwareTimer' {aka 'struct _HardwareTimer'}
   49 |         TIM2_init.setPeriod(5000000);
      |                  ^
make: *** [Src/subdir.mk:31: Src/main.o] Error 1
make: *** Waiting for unfinished jobs....
../Src/timer.c:8:18: error: expected identifier or '(' before 'static'
    8 |         volatile static uint16_t PrescaleValue; // prescaler value
      |                  ^~~~~~
../Src/timer.c:9:18: error: expected identifier or '(' before 'static'
    9 |         volatile static uint32_t ARRValue;              // prescaler value
      |                  ^~~~~~
../Src/timer.c:18:36: error: expected ':', ',', ';', '}' or '__attribute__' before '{' token
   18 |         uint16_t getPrescaleValue(){
      |                                    ^
In file included from ../Inc/timer.h:6,
                 from ../Src/timer.c:2:
C:/Users/benri/OneDrive/Documents/MTRX2700/MTRX2700_Assignment2/stm32f303-definitions/Core/Inc/stm32f303xc.h:11106:35: warning: initialization of 'void (*)(uint32_t)' {aka 'void (*)(long unsigned int)'} from 'long unsigned int' makes pointer from integer without a cast [-Wint-conversion]
11106 | #define TIM_CR1_URS_Msk           (0x1UL << TIM_CR1_URS_Pos)                    /*!< 0x00000004 */
      |                                   ^
C:/Users/benri/OneDrive/Documents/MTRX2700/MTRX2700_Assignment2/stm32f303-definitions/Core/Inc/stm32f303xc.h:11107:35: note: in expansion of macro 'TIM_CR1_URS_Msk'
11107 | #define TIM_CR1_URS               TIM_CR1_URS_Msk                              /*!<Update request source */
      |                                   ^~~~~~~~~~~~~~~
../Src/timer.c:54:17: note: in expansion of macro 'TIM_CR1_URS'
   54 |                 TIM_CR1_URS,            // bit for CR1 reg; interrupt only flagged at over/underflow
      |                 ^~~~~~~~~~~
C:/Users/benri/OneDrive/Documents/MTRX2700/MTRX2700_Assignment2/stm32f303-definitions/Core/Inc/stm32f303xc.h:11106:35: note: (near initialization for 'TIM2_init.completion_function')
11106 | #define TIM_CR1_URS_Msk           (0x1UL << TIM_CR1_URS_Pos)                    /*!< 0x00000004 */
      |                                   ^
C:/Users/benri/OneDrive/Documents/MTRX2700/MTRX2700_Assignment2/stm32f303-definitions/Core/Inc/stm32f303xc.h:11107:35: note: in expansion of macro 'TIM_CR1_URS_Msk'
11107 | #define TIM_CR1_URS               TIM_CR1_URS_Msk                              /*!<Update request source */
      |                                   ^~~~~~~~~~~~~~~
../Src/timer.c:54:17: note: in expansion of macro 'TIM_CR1_URS'
   54 |                 TIM_CR1_URS,            // bit for CR1 reg; interrupt only flagged at over/underflow
      |                 ^~~~~~~~~~~
C:/Users/benri/OneDrive/Documents/MTRX2700/MTRX2700_Assignment2/stm32f303-definitions/Core/Inc/stm32f303xc.h:11240:35: warning: excess elements in struct initializer
11240 | #define TIM_DIER_UIE_Msk          (0x1UL << TIM_DIER_UIE_Pos)                   /*!< 0x00000001 */
      |                                   ^
C:/Users/benri/OneDrive/Documents/MTRX2700/MTRX2700_Assignment2/stm32f303-definitions/Core/Inc/stm32f303xc.h:11241:35: note: in expansion of macro 'TIM_DIER_UIE_Msk'
11241 | #define TIM_DIER_UIE              TIM_DIER_UIE_Msk                             /*!<Update interrupt enable */
      |                                   ^~~~~~~~~~~~~~~~
../Src/timer.c:55:17: note: in expansion of macro 'TIM_DIER_UIE'
   55 |                 TIM_DIER_UIE,           // enable update interrupt
      |                 ^~~~~~~~~~~~
C:/Users/benri/OneDrive/Documents/MTRX2700/MTRX2700_Assignment2/stm32f303-definitions/Core/Inc/stm32f303xc.h:11240:35: note: (near initialization for 'TIM2_init')
11240 | #define TIM_DIER_UIE_Msk          (0x1UL << TIM_DIER_UIE_Pos)                   /*!< 0x00000001 */
      |                                   ^
C:/Users/benri/OneDrive/Documents/MTRX2700/MTRX2700_Assignment2/stm32f303-definitions/Core/Inc/stm32f303xc.h:11241:35: note: in expansion of macro 'TIM_DIER_UIE_Msk'
11241 | #define TIM_DIER_UIE              TIM_DIER_UIE_Msk                             /*!<Update interrupt enable */
      |                                   ^~~~~~~~~~~~~~~~
../Src/timer.c:55:17: note: in expansion of macro 'TIM_DIER_UIE'
   55 |                 TIM_DIER_UIE,           // enable update interrupt
      |                 ^~~~~~~~~~~~
../Src/timer.c:56:17: warning: excess elements in struct initializer
   56 |                 0X00                            // default function pointer is NULL
      |                 ^~~~
../Src/timer.c:56:17: note: (near initialization for 'TIM2_init')
../Src/timer.c: In function 'TimerInitialise':
../Src/timer.c:66:47: error: 'HardwareTimer' {aka 'struct _HardwareTimer'} has no member named 'PrescaleValue'
   66 |     hardware_timer->TIMx->PSC = hardware_timer->PrescaleValue;
      |                                               ^~
../Src/timer.c:69:47: error: 'HardwareTimer' {aka 'struct _HardwareTimer'} has no member named 'ARRValue'
   69 |     hardware_timer->TIMx->ARR = hardware_timer->ARRValue;
      |                                               ^~
make: *** [Src/subdir.mk:31: Src/timer.o] Error 1
"make -j20 all" terminated with exit code 2. Build might be incomplete.
21:04:38 **** Incremental Build of configuration Debug for project task_3_2 ****
make -j20 all 
arm-none-eabi-gcc "../Src/main.c" -mcpu=cortex-m4 -std=gnu11 -g3 -DDEBUG -DSTM32F303VCTx -DSTM32 -DSTM32F3 -DSTM32F3DISCOVERY -c -I../Inc -I"C:/Users/benri/OneDrive/Documents/MTRX2700/MTRX2700_Assignment2/stm32f303-definitions/Core/Inc" -O0 -ffunction-sections -fdata-sections -Wall -fstack-usage -fcyclomatic-complexity -MMD -MP -MF"Src/main.d" -MT"Src/main.o" --specs=nano.specs -mfpu=fpv4-sp-d16 -mfloat-abi=hard -mthumb -o "Src/main.o"
arm-none-eabi-gcc "../Src/timer.c" -mcpu=cortex-m4 -std=gnu11 -g3 -DDEBUG -DSTM32F303VCTx -DSTM32 -DSTM32F3 -DSTM32F3DISCOVERY -c -I../Inc -I"C:/Users/benri/OneDrive/Documents/MTRX2700/MTRX2700_Assignment2/stm32f303-definitions/Core/Inc" -O0 -ffunction-sections -fdata-sections -Wall -fstack-usage -fcyclomatic-complexity -MMD -MP -MF"Src/timer.d" -MT"Src/timer.o" --specs=nano.specs -mfpu=fpv4-sp-d16 -mfloat-abi=hard -mthumb -o "Src/timer.o"
../Src/main.c:9:4: warning: #warning "FPU is not initialized, but the project is compiling for an FPU. Please initialize the FPU before use." [-Wcpp]
    9 |   #warning "FPU is not initialized, but the project is compiling for an FPU. Please initialize the FPU before use."
      |    ^~~~~~~
../Src/main.c: In function 'main':
../Src/main.c:49:18: error: invalid use of incomplete typedef 'HardwareTimer' {aka 'struct _HardwareTimer'}
   49 |         TIM2_init.setPeriod(5000000);
      |                  ^
make: *** [Src/subdir.mk:31: Src/main.o] Error 1
make: *** Waiting for unfinished jobs....
../Src/timer.c:18:36: error: expected ':', ',', ';', '}' or '__attribute__' before '{' token
   18 |         uint16_t getPrescaleValue(){
      |                                    ^
make: *** [Src/subdir.mk:31: Src/timer.o] Error 1
"make -j20 all" terminated with exit code 2. Build might be incomplete.
21:06:01 **** Incremental Build of configuration Debug for project task_3_2 ****
make -j20 all 
arm-none-eabi-gcc "../Src/main.c" -mcpu=cortex-m4 -std=gnu11 -g3 -DDEBUG -DSTM32F303VCTx -DSTM32 -DSTM32F3 -DSTM32F3DISCOVERY -c -I../Inc -I"C:/Users/benri/OneDrive/Documents/MTRX2700/MTRX2700_Assignment2/stm32f303-definitions/Core/Inc" -O0 -ffunction-sections -fdata-sections -Wall -fstack-usage -fcyclomatic-complexity -MMD -MP -MF"Src/main.d" -MT"Src/main.o" --specs=nano.specs -mfpu=fpv4-sp-d16 -mfloat-abi=hard -mthumb -o "Src/main.o"
arm-none-eabi-gcc "../Src/timer.c" -mcpu=cortex-m4 -std=gnu11 -g3 -DDEBUG -DSTM32F303VCTx -DSTM32 -DSTM32F3 -DSTM32F3DISCOVERY -c -I../Inc -I"C:/Users/benri/OneDrive/Documents/MTRX2700/MTRX2700_Assignment2/stm32f303-definitions/Core/Inc" -O0 -ffunction-sections -fdata-sections -Wall -fstack-usage -fcyclomatic-complexity -MMD -MP -MF"Src/timer.d" -MT"Src/timer.o" --specs=nano.specs -mfpu=fpv4-sp-d16 -mfloat-abi=hard -mthumb -o "Src/timer.o"
../Src/main.c:9:4: warning: #warning "FPU is not initialized, but the project is compiling for an FPU. Please initialize the FPU before use." [-Wcpp]
    9 |   #warning "FPU is not initialized, but the project is compiling for an FPU. Please initialize the FPU before use."
      |    ^~~~~~~
../Src/main.c: In function 'main':
../Src/main.c:49:19: error: invalid use of incomplete typedef 'HardwareTimer' {aka 'struct _HardwareTimer'}
   49 |         &TIM2_init.setPeriod(5000000);
      |                   ^
make: *** [Src/subdir.mk:31: Src/main.o] Error 1
[...]
(.text._write_r+0x10): warning: _write is not implemented and will always fail
Finished building target: test_exercise.elf
 
arm-none-eabi-size  test_exercise.elf 
arm-none-eabi-objdump -h -S test_exercise.elf  > "test_exercise.list"
   text	   data	    bss	    dec	    hex	filename
   6128	    352	   1896	   8376	   20b8	test_exercise.elf
Finished building: default.size.stdout
 
Finished building: test_exercise.list
 
15:03:09 **** Incremental Build of configuration Debug for project test_exercise ****
make -j20 all 
arm-none-eabi-gcc "../Core/Src/new_main.c" -mcpu=cortex-m4 -std=gnu11 -g3 -DDEBUG -DUSE_HAL_DRIVER -DSTM32F303xC -c -I../Core/Inc -I../Drivers/STM32F3xx_HAL_Driver/Inc -I../Drivers/STM32F3xx_HAL_Driver/Inc/Legacy -I../Drivers/CMSIS/Device/ST/STM32F3xx/Include -I../Drivers/CMSIS/Include -O0 -ffunction-sections -fdata-sections -Wall -fstack-usage -fcyclomatic-complexity -MMD -MP -MF"Core/Src/new_main.d" -MT"Core/Src/new_main.o" --specs=nano.specs -mfpu=fpv4-sp-d16 -mfloat-abi=hard -mthumb -o "Core/Src/new_main.o"
arm-none-eabi-gcc "../Core/Src/new_timer.c" -mcpu=cortex-m4 -std=gnu11 -g3 -DDEBUG -DUSE_HAL_DRIVER -DSTM32F303xC -c -I../Core/Inc -I../Drivers/STM32F3xx_HAL_Driver/Inc -I../Drivers/STM32F3xx_HAL_Driver/Inc/Legacy -I../Drivers/CMSIS/Device/ST/STM32F3xx/Include -I../Drivers/CMSIS/Include -O0 -ffunction-sections -fdata-sections -Wall -fstack-usage -fcyclomatic-complexity -MMD -MP -MF"Core/Src/new_timer.d" -MT"Core/Src/new_timer.o" --specs=nano.specs -mfpu=fpv4-sp-d16 -mfloat-abi=hard -mthumb -o "Core/Src/new_timer.o"
../Core/Src/new_main.c:12:2: warning: #warning "FPU is not initialized, but the project is compiling for an FPU. Please initialize the FPU before use." [-Wcpp]
   12 | #warning "FPU is not initialized, but the project is compiling for an FPU. Please initialize the FPU before use."
      |  ^~~~~~~
arm-none-eabi-gcc -o "test_exercise.elf" @"objects.list"   -mcpu=cortex-m4 -T"C:\Users\benri\OneDrive\Documents\MTRX2700\MTRX2700_Assignment2\test_exercise\STM32F303VCTX_FLASH.ld" --specs=nosys.specs -Wl,-Map="test_exercise.map" -Wl,--gc-sections -static --specs=nano.specs -mfpu=fpv4-sp-d16 -mfloat-abi=hard -mthumb -Wl,--start-group -lc -lm -Wl,--end-group
C:/ST/STM32CubeIDE_1.14.1/STM32CubeIDE/plugins/com.st.stm32cube.ide.mcu.externaltools.gnu-tools-for-stm32.11.3.rel1.win32_1.1.100.202309141235/tools/bin/../lib/gcc/arm-none-eabi/11.3.1/../../../../arm-none-eabi/bin/ld.exe: C:/ST/STM32CubeIDE_1.14.1/STM32CubeIDE/plugins/com.st.stm32cube.ide.mcu.externaltools.gnu-tools-for-stm32.11.3.rel1.win32_1.1.100.202309141235/tools/bin/../lib/gcc/arm-none-eabi/11.3.1/../../../../arm-none-eabi/lib/thumb/v7e-m+fp/hard\libc_nano.a(libc_a-closer.o): in function `_close_r':
(.text._close_r+0xc): warning: _close is not implemented and will always fail
C:/ST/STM32CubeIDE_1.14.1/STM32CubeIDE/plugins/com.st.stm32cube.ide.mcu.externaltools.gnu-tools-for-stm32.11.3.rel1.win32_1.1.100.202309141235/tools/bin/../lib/gcc/arm-none-eabi/11.3.1/../../../../arm-none-eabi/bin/ld.exe: C:/ST/STM32CubeIDE_1.14.1/STM32CubeIDE/plugins/com.st.stm32cube.ide.mcu.externaltools.gnu-tools-for-stm32.11.3.rel1.win32_1.1.100.202309141235/tools/bin/../lib/gcc/arm-none-eabi/11.3.1/../../../../arm-none-eabi/lib/thumb/v7e-m+fp/hard\libc_nano.a(libc_a-lseekr.o): in function `_lseek_r':
(.text._lseek_r+0x10): warning: _lseek is not implemented and will always fail
C:/ST/STM32CubeIDE_1.14.1/STM32CubeIDE/plugins/com.st.stm32cube.ide.mcu.externaltools.gnu-tools-for-stm32.11.3.rel1.win32_1.1.100.202309141235/tools/bin/../lib/gcc/arm-none-eabi/11.3.1/../../../../arm-none-eabi/bin/ld.exe: C:/ST/STM32CubeIDE_1.14.1/STM32CubeIDE/plugins/com.st.stm32cube.ide.mcu.externaltools.gnu-tools-for-stm32.11.3.rel1.win32_1.1.100.202309141235/tools/bin/../lib/gcc/arm-none-eabi/11.3.1/../../../../arm-none-eabi/lib/thumb/v7e-m+fp/hard\libc_nano.a(libc_a-readr.o): in function `_read_r':
(.text._read_r+0x10): warning: _read is not implemented and will always fail
C:/ST/STM32CubeIDE_1.14.1/STM32CubeIDE/plugins/com.st.stm32cube.ide.mcu.externaltools.gnu-tools-for-stm32.11.3.rel1.win32_1.1.100.202309141235/tools/bin/../lib/gcc/arm-none-eabi/11.3.1/../../../../arm-none-eabi/bin/ld.exe: C:/ST/STM32CubeIDE_1.14.1/STM32CubeIDE/plugins/com.st.stm32cube.ide.mcu.externaltools.gnu-tools-for-stm32.11.3.rel1.win32_1.1.100.202309141235/tools/bin/../lib/gcc/arm-none-eabi/11.3.1/../../../../arm-none-eabi/lib/thumb/v7e-m+fp/hard\libc_nano.a(libc_a-writer.o): in function `_write_r':
(.text._write_r+0x10): warning: _write is not implemented and will always fail
Finished building target: test_exercise.elf
 
arm-none-eabi-size  test_exercise.elf 
arm-none-eabi-objdump -h -S test_exercise.elf  > "test_exercise.list"
   text	   data	    bss	    dec	    hex	filename
   6200	    352	   1896	   8448	   2100	test_exercise.elf
Finished building: default.size.stdout
 
Finished building: test_exercise.list
 
15:05:51 **** Incremental Build of configuration Debug for project test_exercise ****
make -j20 all 
arm-none-eabi-gcc "../Core/Src/new_timer.c" -mcpu=cortex-m4 -std=gnu11 -g3 -DDEBUG -DUSE_HAL_DRIVER -DSTM32F303xC -c -I../Core/Inc -I../Drivers/STM32F3xx_HAL_Driver/Inc -I../Drivers/STM32F3xx_HAL_Driver/Inc/Legacy -I../Drivers/CMSIS/Device/ST/STM32F3xx/Include -I../Drivers/CMSIS/Include -O0 -ffunction-sections -fdata-sections -Wall -fstack-usage -fcyclomatic-complexity -MMD -MP -MF"Core/Src/new_timer.d" -MT"Core/Src/new_timer.o" --specs=nano.specs -mfpu=fpv4-sp-d16 -mfloat-abi=hard -mthumb -o "Core/Src/new_timer.o"
arm-none-eabi-gcc -o "test_exercise.elf" @"objects.list"   -mcpu=cortex-m4 -T"C:\Users\benri\OneDrive\Documents\MTRX2700\MTRX2700_Assignment2\test_exercise\STM32F303VCTX_FLASH.ld" --specs=nosys.specs -Wl,-Map="test_exercise.map" -Wl,--gc-sections -static --specs=nano.specs -mfpu=fpv4-sp-d16 -mfloat-abi=hard -mthumb -Wl,--start-group -lc -lm -Wl,--end-group
C:/ST/STM32CubeIDE_1.14.1/STM32CubeIDE/plugins/com.st.stm32cube.ide.mcu.externaltools.gnu-tools-for-stm32.11.3.rel1.win32_1.1.100.202309141235/tools/bin/../lib/gcc/arm-none-eabi/11.3.1/../../../../arm-none-eabi/bin/ld.exe: C:/ST/STM32CubeIDE_1.14.1/STM32CubeIDE/plugins/com.st.stm32cube.ide.mcu.externaltools.gnu-tools-for-stm32.11.3.rel1.win32_1.1.100.202309141235/tools/bin/../lib/gcc/arm-none-eabi/11.3.1/../../../../arm-none-eabi/lib/thumb/v7e-m+fp/hard\libc_nano.a(libc_a-closer.o): in function `_close_r':
(.text._close_r+0xc): warning: _close is not implemented and will always fail
C:/ST/STM32CubeIDE_1.14.1/STM32CubeIDE/plugins/com.st.stm32cube.ide.mcu.externaltools.gnu-tools-for-stm32.11.3.rel1.win32_1.1.100.202309141235/tools/bin/../lib/gcc/arm-none-eabi/11.3.1/../../../../arm-none-eabi/bin/ld.exe: C:/ST/STM32CubeIDE_1.14.1/STM32CubeIDE/plugins/com.st.stm32cube.ide.mcu.externaltools.gnu-tools-for-stm32.11.3.rel1.win32_1.1.100.202309141235/tools/bin/../lib/gcc/arm-none-eabi/11.3.1/../../../../arm-none-eabi/lib/thumb/v7e-m+fp/hard\libc_nano.a(libc_a-lseekr.o): in function `_lseek_r':
(.text._lseek_r+0x10): warning: _lseek is not implemented and will always fail
C:/ST/STM32CubeIDE_1.14.1/STM32CubeIDE/plugins/com.st.stm32cube.ide.mcu.externaltools.gnu-tools-for-stm32.11.3.rel1.win32_1.1.100.202309141235/tools/bin/../lib/gcc/arm-none-eabi/11.3.1/../../../../arm-none-eabi/bin/ld.exe: C:/ST/STM32CubeIDE_1.14.1/STM32CubeIDE/plugins/com.st.stm32cube.ide.mcu.externaltools.gnu-tools-for-stm32.11.3.rel1.win32_1.1.100.202309141235/tools/bin/../lib/gcc/arm-none-eabi/11.3.1/../../../../arm-none-eabi/lib/thumb/v7e-m+fp/hard\libc_nano.a(libc_a-readr.o): in function `_read_r':
(.text._read_r+0x10): warning: _read is not implemented and will always fail
C:/ST/STM32CubeIDE_1.14.1/STM32CubeIDE/plugins/com.st.stm32cube.ide.mcu.externaltools.gnu-tools-for-stm32.11.3.rel1.win32_1.1.100.202309141235/tools/bin/../lib/gcc/arm-none-eabi/11.3.1/../../../../arm-none-eabi/bin/ld.exe: C:/ST/STM32CubeIDE_1.14.1/STM32CubeIDE/plugins/com.st.stm32cube.ide.mcu.externaltools.gnu-tools-for-stm32.11.3.rel1.win32_1.1.100.202309141235/tools/bin/../lib/gcc/arm-none-eabi/11.3.1/../../../../arm-none-eabi/lib/thumb/v7e-m+fp/hard\libc_nano.a(libc_a-writer.o): in function `_write_r':
(.text._write_r+0x10): warning: _write is not implemented and will always fail
Finished building target: test_exercise.elf
 
arm-none-eabi-size  test_exercise.elf 
arm-none-eabi-objdump -h -S test_exercise.elf  > "test_exercise.list"
   text	   data	    bss	    dec	    hex	filename
   6212	    352	   1896	   8460	   210c	test_exercise.elf
Finished building: default.size.stdout
 
Finished building: test_exercise.list
 
15:12:09 **** Incremental Build of configuration Debug for project test_exercise ****
make -j20 all 
arm-none-eabi-gcc "../Core/Src/new_timer.c" -mcpu=cortex-m4 -std=gnu11 -g3 -DDEBUG -DUSE_HAL_DRIVER -DSTM32F303xC -c -I../Core/Inc -I../Drivers/STM32F3xx_HAL_Driver/Inc -I../Drivers/STM32F3xx_HAL_Driver/Inc/Legacy -I../Drivers/CMSIS/Device/ST/STM32F3xx/Include -I../Drivers/CMSIS/Include -O0 -ffunction-sections -fdata-sections -Wall -fstack-usage -fcyclomatic-complexity -MMD -MP -MF"Core/Src/new_timer.d" -MT"Core/Src/new_timer.o" --specs=nano.specs -mfpu=fpv4-sp-d16 -mfloat-abi=hard -mthumb -o "Core/Src/new_timer.o"
arm-none-eabi-gcc -o "test_exercise.elf" @"objects.list"   -mcpu=cortex-m4 -T"C:\Users\benri\OneDrive\Documents\MTRX2700\MTRX2700_Assignment2\test_exercise\STM32F303VCTX_FLASH.ld" --specs=nosys.specs -Wl,-Map="test_exercise.map" -Wl,--gc-sections -static --specs=nano.specs -mfpu=fpv4-sp-d16 -mfloat-abi=hard -mthumb -Wl,--start-group -lc -lm -Wl,--end-group
C:/ST/STM32CubeIDE_1.14.1/STM32CubeIDE/plugins/com.st.stm32cube.ide.mcu.externaltools.gnu-tools-for-stm32.11.3.rel1.win32_1.1.100.202309141235/tools/bin/../lib/gcc/arm-none-eabi/11.3.1/../../../../arm-none-eabi/bin/ld.exe: C:/ST/STM32CubeIDE_1.14.1/STM32CubeIDE/plugins/com.st.stm32cube.ide.mcu.externaltools.gnu-tools-for-stm32.11.3.rel1.win32_1.1.100.202309141235/tools/bin/../lib/gcc/arm-none-eabi/11.3.1/../../../../arm-none-eabi/lib/thumb/v7e-m+fp/hard\libc_nano.a(libc_a-closer.o): in function `_close_r':
(.text._close_r+0xc): warning: _close is not implemented and will always fail
C:/ST/STM32CubeIDE_1.14.1/STM32CubeIDE/plugins/com.st.stm32cube.ide.mcu.externaltools.gnu-tools-for-stm32.11.3.rel1.win32_1.1.100.202309141235/tools/bin/../lib/gcc/arm-none-eabi/11.3.1/../../../../arm-none-eabi/bin/ld.exe: C:/ST/STM32CubeIDE_1.14.1/STM32CubeIDE/plugins/com.st.stm32cube.ide.mcu.externaltools.gnu-tools-for-stm32.11.3.rel1.win32_1.1.100.202309141235/tools/bin/../lib/gcc/arm-none-eabi/11.3.1/../../../../arm-none-eabi/lib/thumb/v7e-m+fp/hard\libc_nano.a(libc_a-lseekr.o): in function `_lseek_r':
(.text._lseek_r+0x10): warning: _lseek is not implemented and will always fail
C:/ST/STM32CubeIDE_1.14.1/STM32CubeIDE/plugins/com.st.stm32cube.ide.mcu.externaltools.gnu-tools-for-stm32.11.3.rel1.win32_1.1.100.202309141235/tools/bin/../lib/gcc/arm-none-eabi/11.3.1/../../../../arm-none-eabi/bin/ld.exe: C:/ST/STM32CubeIDE_1.14.1/STM32CubeIDE/plugins/com.st.stm32cube.ide.mcu.externaltools.gnu-tools-for-stm32.11.3.rel1.win32_1.1.100.202309141235/tools/bin/../lib/gcc/arm-none-eabi/11.3.1/../../../../arm-none-eabi/lib/thumb/v7e-m+fp/hard\libc_nano.a(libc_a-readr.o): in function `_read_r':
(.text._read_r+0x10): warning: _read is not implemented and will always fail
C:/ST/STM32CubeIDE_1.14.1/STM32CubeIDE/plugins/com.st.stm32cube.ide.mcu.externaltools.gnu-tools-for-stm32.11.3.rel1.win32_1.1.100.202309141235/tools/bin/../lib/gcc/arm-none-eabi/11.3.1/../../../../arm-none-eabi/bin/ld.exe: C:/ST/STM32CubeIDE_1.14.1/STM32CubeIDE/plugins/com.st.stm32cube.ide.mcu.externaltools.gnu-tools-for-stm32.11.3.rel1.win32_1.1.100.202309141235/tools/bin/../lib/gcc/arm-none-eabi/11.3.1/../../../../arm-none-eabi/lib/thumb/v7e-m+fp/hard\libc_nano.a(libc_a-writer.o): in function `_write_r':
(.text._write_r+0x10): warning: _write is not implemented and will always fail
Finished building target: test_exercise.elf
 
arm-none-eabi-size  test_exercise.elf 
arm-none-eabi-objdump -h -S test_exercise.elf  > "test_exercise.list"
   text	   data	    bss	    dec	    hex	filename
   6212	    352	   1896	   8460	   210c	test_exercise.elf
Finished building: default.size.stdout
 
Finished building: test_exercise.list
 
15:14:54 **** Incremental Build of configuration Debug for project test_exercise ****
make -j20 all 
arm-none-eabi-gcc "../Core/Src/new_timer.c" -mcpu=cortex-m4 -std=gnu11 -g3 -DDEBUG -DUSE_HAL_DRIVER -DSTM32F303xC -c -I../Core/Inc -I../Drivers/STM32F3xx_HAL_Driver/Inc -I../Drivers/STM32F3xx_HAL_Driver/Inc/Legacy -I../Drivers/CMSIS/Device/ST/STM32F3xx/Include -I../Drivers/CMSIS/Include -O0 -ffunction-sections -fdata-sections -Wall -fstack-usage -fcyclomatic-complexity -MMD -MP -MF"Core/Src/new_timer.d" -MT"Core/Src/new_timer.o" --specs=nano.specs -mfpu=fpv4-sp-d16 -mfloat-abi=hard -mthumb -o "Core/Src/new_timer.o"
arm-none-eabi-gcc -o "test_exercise.elf" @"objects.list"   -mcpu=cortex-m4 -T"C:\Users\benri\OneDrive\Documents\MTRX2700\MTRX2700_Assignment2\test_exercise\STM32F303VCTX_FLASH.ld" --specs=nosys.specs -Wl,-Map="test_exercise.map" -Wl,--gc-sections -static --specs=nano.specs -mfpu=fpv4-sp-d16 -mfloat-abi=hard -mthumb -Wl,--start-group -lc -lm -Wl,--end-group
C:/ST/STM32CubeIDE_1.14.1/STM32CubeIDE/plugins/com.st.stm32cube.ide.mcu.externaltools.gnu-tools-for-stm32.11.3.rel1.win32_1.1.100.202309141235/tools/bin/../lib/gcc/arm-none-eabi/11.3.1/../../../../arm-none-eabi/bin/ld.exe: C:/ST/STM32CubeIDE_1.14.1/STM32CubeIDE/plugins/com.st.stm32cube.ide.mcu.externaltools.gnu-tools-for-stm32.11.3.rel1.win32_1.1.100.202309141235/tools/bin/../lib/gcc/arm-none-eabi/11.3.1/../../../../arm-none-eabi/lib/thumb/v7e-m+fp/hard\libc_nano.a(libc_a-closer.o): in function `_close_r':
(.text._close_r+0xc): warning: _close is not implemented and will always fail
C:/ST/STM32CubeIDE_1.14.1/STM32CubeIDE/plugins/com.st.stm32cube.ide.mcu.externaltools.gnu-tools-for-stm32.11.3.rel1.win32_1.1.100.202309141235/tools/bin/../lib/gcc/arm-none-eabi/11.3.1/../../../../arm-none-eabi/bin/ld.exe: C:/ST/STM32CubeIDE_1.14.1/STM32CubeIDE/plugins/com.st.stm32cube.ide.mcu.externaltools.gnu-tools-for-stm32.11.3.rel1.win32_1.1.100.202309141235/tools/bin/../lib/gcc/arm-none-eabi/11.3.1/../../../../arm-none-eabi/lib/thumb/v7e-m+fp/hard\libc_nano.a(libc_a-lseekr.o): in function `_lseek_r':
(.text._lseek_r+0x10): warning: _lseek is not implemented and will always fail
C:/ST/STM32CubeIDE_1.14.1/STM32CubeIDE/plugins/com.st.stm32cube.ide.mcu.externaltools.gnu-tools-for-stm32.11.3.rel1.win32_1.1.100.202309141235/tools/bin/../lib/gcc/arm-none-eabi/11.3.1/../../../../arm-none-eabi/bin/ld.exe: C:/ST/STM32CubeIDE_1.14.1/STM32CubeIDE/plugins/com.st.stm32cube.ide.mcu.externaltools.gnu-tools-for-stm32.11.3.rel1.win32_1.1.100.202309141235/tools/bin/../lib/gcc/arm-none-eabi/11.3.1/../../../../arm-none-eabi/lib/thumb/v7e-m+fp/hard\libc_nano.a(libc_a-readr.o): in function `_read_r':
(.text._read_r+0x10): warning: _read is not implemented and will always fail
C:/ST/STM32CubeIDE_1.14.1/STM32CubeIDE/plugins/com.st.stm32cube.ide.mcu.externaltools.gnu-tools-for-stm32.11.3.rel1.win32_1.1.100.202309141235/tools/bin/../lib/gcc/arm-none-eabi/11.3.1/../../../../arm-none-eabi/bin/ld.exe: C:/ST/STM32CubeIDE_1.14.1/STM32CubeIDE/plugins/com.st.stm32cube.ide.mcu.externaltools.gnu-tools-for-stm32.11.3.rel1.win32_1.1.100.202309141235/tools/bin/../lib/gcc/arm-none-eabi/11.3.1/../../../../arm-none-eabi/lib/thumb/v7e-m+fp/hard\libc_nano.a(libc_a-writer.o): in function `_write_r':
(.text._write_r+0x10): warning: _write is not implemented and will always fail
Finished building target: test_exercise.elf
 
arm-none-eabi-size  test_exercise.elf 
arm-none-eabi-objdump -h -S test_exercise.elf  > "test_exercise.list"
   text	   data	    bss	    dec	    hex	filename
   6208	    352	   1896	   8456	   2108	test_exercise.elf
Finished building: default.size.stdout
 
Finished building: test_exercise.list
 
15:18:01 **** Incremental Build of configuration Debug for project test_exercise ****
make -j20 all 
arm-none-eabi-gcc "../Core/Src/new_timer.c" -mcpu=cortex-m4 -std=gnu11 -g3 -DDEBUG -DUSE_HAL_DRIVER -DSTM32F303xC -c -I../Core/Inc -I../Drivers/STM32F3xx_HAL_Driver/Inc -I../Drivers/STM32F3xx_HAL_Driver/Inc/Legacy -I../Drivers/CMSIS/Device/ST/STM32F3xx/Include -I../Drivers/CMSIS/Include -O0 -ffunction-sections -fdata-sections -Wall -fstack-usage -fcyclomatic-complexity -MMD -MP -MF"Core/Src/new_timer.d" -MT"Core/Src/new_timer.o" --specs=nano.specs -mfpu=fpv4-sp-d16 -mfloat-abi=hard -mthumb -o "Core/Src/new_timer.o"
arm-none-eabi-gcc -o "test_exercise.elf" @"objects.list"   -mcpu=cortex-m4 -T"C:\Users\benri\OneDrive\Documents\MTRX2700\MTRX2700_Assignment2\test_exercise\STM32F303VCTX_FLASH.ld" --specs=nosys.specs -Wl,-Map="test_exercise.map" -Wl,--gc-sections -static --specs=nano.specs -mfpu=fpv4-sp-d16 -mfloat-abi=hard -mthumb -Wl,--start-group -lc -lm -Wl,--end-group
C:/ST/STM32CubeIDE_1.14.1/STM32CubeIDE/plugins/com.st.stm32cube.ide.mcu.externaltools.gnu-tools-for-stm32.11.3.rel1.win32_1.1.100.202309141235/tools/bin/../lib/gcc/arm-none-eabi/11.3.1/../../../../arm-none-eabi/bin/ld.exe: C:/ST/STM32CubeIDE_1.14.1/STM32CubeIDE/plugins/com.st.stm32cube.ide.mcu.externaltools.gnu-tools-for-stm32.11.3.rel1.win32_1.1.100.202309141235/tools/bin/../lib/gcc/arm-none-eabi/11.3.1/../../../../arm-none-eabi/lib/thumb/v7e-m+fp/hard\libc_nano.a(libc_a-closer.o): in function `_close_r':
(.text._close_r+0xc): warning: _close is not implemented and will always fail
C:/ST/STM32CubeIDE_1.14.1/STM32CubeIDE/plugins/com.st.stm32cube.ide.mcu.externaltools.gnu-tools-for-stm32.11.3.rel1.win32_1.1.100.202309141235/tools/bin/../lib/gcc/arm-none-eabi/11.3.1/../../../../arm-none-eabi/bin/ld.exe: C:/ST/STM32CubeIDE_1.14.1/STM32CubeIDE/plugins/com.st.stm32cube.ide.mcu.externaltools.gnu-tools-for-stm32.11.3.rel1.win32_1.1.100.202309141235/tools/bin/../lib/gcc/arm-none-eabi/11.3.1/../../../../arm-none-eabi/lib/thumb/v7e-m+fp/hard\libc_nano.a(libc_a-lseekr.o): in function `_lseek_r':
(.text._lseek_r+0x10): warning: _lseek is not implemented and will always fail
C:/ST/STM32CubeIDE_1.14.1/STM32CubeIDE/plugins/com.st.stm32cube.ide.mcu.externaltools.gnu-tools-for-stm32.11.3.rel1.win32_1.1.100.202309141235/tools/bin/../lib/gcc/arm-none-eabi/11.3.1/../../../../arm-none-eabi/bin/ld.exe: C:/ST/STM32CubeIDE_1.14.1/STM32CubeIDE/plugins/com.st.stm32cube.ide.mcu.externaltools.gnu-tools-for-stm32.11.3.rel1.win32_1.1.100.202309141235/tools/bin/../lib/gcc/arm-none-eabi/11.3.1/../../../../arm-none-eabi/lib/thumb/v7e-m+fp/hard\libc_nano.a(libc_a-readr.o): in function `_read_r':
(.text._read_r+0x10): warning: _read is not implemented and will always fail
C:/ST/STM32CubeIDE_1.14.1/STM32CubeIDE/plugins/com.st.stm32cube.ide.mcu.externaltools.gnu-tools-for-stm32.11.3.rel1.win32_1.1.100.202309141235/tools/bin/../lib/gcc/arm-none-eabi/11.3.1/../../../../arm-none-eabi/bin/ld.exe: C:/ST/STM32CubeIDE_1.14.1/STM32CubeIDE/plugins/com.st.stm32cube.ide.mcu.externaltools.gnu-tools-for-stm32.11.3.rel1.win32_1.1.100.202309141235/tools/bin/../lib/gcc/arm-none-eabi/11.3.1/../../../../arm-none-eabi/lib/thumb/v7e-m+fp/hard\libc_nano.a(libc_a-writer.o): in function `_write_r':
(.text._write_r+0x10): warning: _write is not implemented and will always fail
Finished building target: test_exercise.elf
 
arm-none-eabi-size  test_exercise.elf 
arm-none-eabi-objdump -h -S test_exercise.elf  > "test_exercise.list"
   text	   data	    bss	    dec	    hex	filename
   6228	    352	   1896	   8476	   211c	test_exercise.elf
Finished building: default.size.stdout
 
Finished building: test_exercise.list
 
